2026-08-01T15:15:53	session=66bc7f44	pid=-	mode=off	action=out_of_scope	lines=0	first=-
2026-08-01T15:15:59	session=62b99aba	pid=-	mode=off	action=out_of_scope	lines=0	first=-
2026-08-01T15:16:19	session=8677d659	pid=-	mode=off	action=out_of_scope	lines=0	first=-
2026-08-01T15:16:34	session=3df4bfac	pid=-	mode=off	action=out_of_scope	lines=0	first=-
2026-08-01T15:16:45	session=dd1a74a4	pid=-	mode=off	action=out_of_scope	lines=0	first=-
2026-08-01T15:16:50	session=e123b053	pid=-	mode=off	action=out_of_scope	lines=0	first=-
2026-08-01T15:17:16	session=75ce75b7	pid=-	mode=off	action=out_of_scope	lines=0	first=-
2026-08-01T15:17:22	session=62b99aba	pid=-	mode=off	action=out_of_scope	lines=0	first=-
2026-08-01T15:17:27	session=3f397c6c	pid=-	mode=off	action=out_of_scope	lines=0	first=-
2026-08-01T15:17:27	session=94c18918	pid=-	mode=off	action=out_of_scope	lines=0	first=-
2026-08-01T15:17:36	session=012490bc	pid=-	mode=off	action=out_of_scope	lines=0	first=-
2026-08-01T15:17:38	session=31dcc69b	pid=-	mode=off	action=out_of_scope	lines=0	first=-
2026-08-01T15:17:49	session=62b99aba	pid=-	mode=off	action=out_of_scope	lines=0	first=-
2026-08-01T15:18:00	session=62b99aba	pid=-	mode=off	action=out_of_scope	lines=0	first=-
2026-08-01T15:18:00	session=07980624	pid=-	mode=off	action=out_of_scope	lines=0	first=-
2026-08-01T15:18:38	session=8f4080d2	pid=-	mode=off	action=out_of_scope	lines=0	first=-
2026-08-01T15:18:53	session=4a080b45	pid=-	mode=off	action=out_of_scope	lines=0	first=-
2026-08-01T15:18:54	session=62b99aba	pid=-	mode=off	action=out_of_scope	lines=0	first=-
2026-08-01T15:18:59	session=62b99aba	pid=-	mode=off	action=out_of_scope	lines=0	first=-
2026-08-01T15:19:18	session=af364cb4	pid=-	mode=off	action=out_of_scope	lines=0	first=-
2026-08-01T15:19:31	session=3e2fbcde	pid=-	mode=off	action=out_of_scope	lines=0	first=-
2026-08-01T15:19:42	session=62b99aba	pid=-	mode=off	action=out_of_scope	lines=0	first=-
2026-08-01T15:19:43	session=eda96248	pid=-	mode=off	action=out_of_scope	lines=0	first=-
2026-08-01T15:19:52	session=62b99aba	pid=-	mode=off	action=out_of_scope	lines=0	first=-
2026-08-01T15:19:55	session=095f42af	pid=-	mode=off	action=out_of_scope	lines=0	first=-
2026-08-01T15:20:04	session=8d0ce1b6	pid=-	mode=off	action=out_of_scope	lines=0	first=-
2026-08-01T15:20:06	session=5e73aff7	pid=-	mode=off	action=out_of_scope	lines=0	first=-
2026-08-01T15:20:18	session=7678d994	pid=-	mode=off	action=out_of_scope	lines=0	first=-
2026-08-01T15:20:29	session=62b99aba	pid=-	mode=off	action=out_of_scope	lines=0	first=-
2026-08-01T15:20:36	session=62b99aba	pid=-	mode=off	action=out_of_scope	lines=0	first=-
2026-08-01T15:20:54	session=07f7cc0b	pid=-	mode=off	action=out_of_scope	lines=0	first=-
2026-08-01T15:21:06	session=62b99aba	pid=-	mode=off	action=out_of_scope	lines=0	first=-
2026-08-01T15:21:11	session=62b99aba	pid=-	mode=off	action=out_of_scope	lines=0	first=-
2026-08-01T15:21:15	session=62b99aba	pid=-	mode=off	action=out_of_scope	lines=0	first=-
2026-08-01T15:21:36	session=a55348cb	pid=-	mode=off	action=out_of_scope	lines=0	first=-
2026-08-01T15:21:50	session=ce406ee3	pid=-	mode=off	action=out_of_scope	lines=0	first=-
2026-08-01T15:22:02	session=62b99aba	pid=-	mode=off	action=out_of_scope	lines=0	first=-
2026-08-01T15:22:07	session=62b99aba	pid=-	mode=off	action=out_of_scope	lines=0	first=-
2026-08-01T15:22:20	session=62b99aba	pid=-	mode=off	action=out_of_scope	lines=0	first=-
2026-08-01T15:22:30	session=39fa7544	pid=-	mode=off	action=out_of_scope	lines=0	first=-
2026-08-01T15:22:31	session=c63643e8	pid=-	mode=off	action=out_of_scope	lines=0	first=-
2026-08-01T15:22:37	session=26ed0154	pid=-	mode=off	action=out_of_scope	lines=0	first=-
2026-08-01T15:22:54	session=62b99aba	pid=-	mode=off	action=out_of_scope	lines=0	first=-
2026-08-01T15:22:59	session=62b99aba	pid=-	mode=off	action=out_of_scope	lines=0	first=-
2026-08-01T15:23:03	session=64caec42	pid=-	mode=off	action=out_of_scope	lines=0	first=-
2026-08-01T15:23:03	session=62b99aba	pid=-	mode=off	action=out_of_scope	lines=0	first=-
2026-08-01T15:23:25	session=0380c038	pid=-	mode=off	action=out_of_scope	lines=0	first=-
2026-08-01T15:23:38	session=b00499ac	pid=-	mode=off	action=out_of_scope	lines=0	first=-
2026-08-01T15:23:47	session=7716dc57	pid=-	mode=off	action=out_of_scope	lines=0	first=-
2026-08-01T15:23:49	session=947488aa	pid=-	mode=off	action=out_of_scope	lines=0	first=-
2026-08-01T15:23:56	session=06784005	pid=-	mode=off	action=out_of_scope	lines=0	first=-
2026-08-01T15:24:10	session=69760969	pid=-	mode=off	action=out_of_scope	lines=0	first=-
2026-08-01T15:24:21	session=cbe6196f	pid=-	mode=off	action=out_of_scope	lines=0	first=-
2026-08-01T15:24:36	session=24d2862b	pid=-	mode=off	action=out_of_scope	lines=0	first=-
2026-08-01T15:24:44	session=e90de1b9	pid=-	mode=off	action=out_of_scope	lines=0	first=-
2026-08-01T15:24:56	session=62b99aba	pid=-	mode=off	action=out_of_scope	lines=0	first=-
2026-08-01T15:25:03	session=62b99aba	pid=-	mode=off	action=out_of_scope	lines=0	first=-
2026-08-01T15:25:07	session=62b99aba	pid=-	mode=off	action=out_of_scope	lines=0	first=-
2026-08-01T15:25:29	session=aee4f188	pid=-	mode=off	action=out_of_scope	lines=0	first=-
2026-08-01T15:27:21	session=62b99aba	pid=-	mode=off	action=out_of_scope	lines=0	first=-
2026-08-01T15:29:36	session=37de109c	pid=-	mode=off	action=out_of_scope	lines=0	first=-
2026-08-01T15:29:46	session=62b99aba	pid=-	mode=off	action=out_of_scope	lines=0	first=-
2026-08-01T15:29:53	session=62b99aba	pid=-	mode=off	action=out_of_scope	lines=0	first=-
2026-08-01T15:30:51	session=a8b2e7c8	pid=-	mode=off	action=out_of_scope	lines=0	first=-
2026-08-01T15:30:56	session=768a4395	pid=-	mode=off	action=out_of_scope	lines=0	first=-
2026-08-01T15:31:14	session=9487a697	pid=-	mode=off	action=out_of_scope	lines=0	first=-
2026-08-01T15:31:22	session=5a773f2f	pid=-	mode=off	action=out_of_scope	lines=0	first=-
2026-08-01T15:32:10	session=c2a52ea8	pid=-	mode=off	action=out_of_scope	lines=0	first=-
2026-08-01T15:32:26	session=62b99aba	pid=-	mode=off	action=out_of_scope	lines=0	first=-
2026-08-01T15:34:01	session=eb8d0dd3	pid=-	mode=off	action=out_of_scope	lines=0	first=-
2026-08-01T15:34:22	session=ed37d3e6	pid=-	mode=off	action=out_of_scope	lines=0	first=-
2026-08-01T15:34:26	session=ff15a2eb	pid=-	mode=off	action=out_of_scope	lines=0	first=-
2026-08-01T15:34:54	session=62b99aba	pid=-	mode=off	action=out_of_scope	lines=0	first=-
2026-08-01T15:35:08	session=ae612ca9	pid=-	mode=off	action=out_of_scope	lines=0	first=-
2026-08-01T15:35:26	session=62b99aba	pid=-	mode=off	action=out_of_scope	lines=0	first=-
2026-08-01T15:35:31	session=62b99aba	pid=-	mode=off	action=out_of_scope	lines=0	first=-
2026-08-01T15:35:35	session=62b99aba	pid=-	mode=off	action=out_of_scope	lines=0	first=-
2026-08-01T15:35:36	session=9037fe02	pid=-	mode=off	action=out_of_scope	lines=0	first=-
2026-08-01T15:36:06	session=8f821aec	pid=-	mode=off	action=out_of_scope	lines=0	first=-
2026-08-01T15:36:18	session=62b99aba	pid=-	mode=off	action=out_of_scope	lines=0	first=-
2026-08-01T15:36:24	session=62b99aba	pid=-	mode=off	action=out_of_scope	lines=0	first=-
2026-08-01T15:36:35	session=62b99aba	pid=-	mode=off	action=out_of_scope	lines=0	first=-
2026-08-01T15:37:10	session=5eb28ce4	pid=-	mode=off	action=out_of_scope	lines=0	first=-
2026-08-01T15:37:25	session=56a0bc3b	pid=-	mode=off	action=out_of_scope	lines=0	first=-
2026-08-01T18:43:20	session=62b99aba	pid=-	mode=off	action=out_of_scope	lines=0	first=-
2026-08-01T18:44:12	session=6ef21ed6	pid=e2509524-efa8-43b1-b919-6b95a0068bb1	mode=repo	action=clean:dot	lines=0	first=-
2026-08-01T18:46:48	session=6ef21ed6	pid=efcc5e71-31a0-48a4-bbbb-619698391f22	mode=repo	action=yellow:prose	lines=2	first=.
2026-08-01T18:54:49	session=6ef21ed6	pid=aafe1373-f8c7-4952-b5f8-7d503c60c30b	mode=repo	action=yellow:prose	lines=2	first=.
2026-08-01T19:07:12	session=6ef21ed6	pid=52e4af01-575f-4064-92f9-26b592ac402b	mode=repo	action=yellow:prose	lines=2	first=.
2026-08-01T19:15:01	session=208681c7	pid=-	mode=off	action=out_of_scope	lines=0	first=-
2026-08-01T19:22:52	session=208681c7	pid=-	mode=off	action=out_of_scope	lines=0	first=-
2026-08-01T19:31:38	session=6ef21ed6	pid=e1d89824-ec6b-4df9-b233-fb9fc7173161	mode=repo	action=clean	lines=0	first=-
2026-08-01T19:39:14	session=fec61349	pid=e691dff2-1324-4c1e-8938-e8719185c115	mode=repo	action=yellow:prose	lines=1	first=Now reading the requested files.
2026-08-01T20:03:27	session=fec61349	pid=fe28582c-ece2-47e0-a293-54fcc19ee240	mode=repo	action=clean	lines=0	first=-
2026-08-01T20:19:13	session=fec61349	pid=166ffddd-6c23-4c42-afa2-c5151730cc50	mode=repo	action=clean:dot	lines=0	first=-
2026-08-01T20:21:20	session=fec61349	pid=5da8f82e-120f-4cf5-879d-be46e452576c	mode=repo	action=clean:dot	lines=0	first=-
2026-08-01T20:23:35	session=fec61349	pid=f4d26cd4-349e-4a89-839a-d083daf8aedd	mode=repo	action=yellow:prose	lines=3	first=.
2026-08-01T20:26:39	session=b289d572	pid=-	mode=off	action=out_of_scope	lines=0	first=-
2026-08-01T20:28:36	session=8b7330ea	pid=-	mode=off	action=out_of_scope	lines=0	first=-
2026-08-01T20:29:48	session=dfcf1bfb	pid=-	mode=off	action=out_of_scope	lines=0	first=-
2026-08-01T20:30:20	session=fec61349	pid=a043b2ef-6d5a-46da-b8c7-7b46797f32fa	mode=repo	action=yellow:prose	lines=3	first=.
2026-08-01T20:30:31	session=dfcf1bfb	pid=-	mode=off	action=out_of_scope	lines=0	first=-
2026-08-01T20:32:24	session=012842c4	pid=-	mode=off	action=out_of_scope	lines=0	first=-
2026-08-01T20:33:44	session=fec61349	pid=ad8df224-b7e3-4f19-9697-d54c861de9f3	mode=repo	action=yellow:prose	lines=6	first=.
2026-08-01T20:36:57	session=fec61349	pid=e8a3b2f3-efc0-4f14-9844-9bb812429e31	mode=repo	action=yellow:prose	lines=8	first=.
2026-08-01T20:44:54	session=fec61349	pid=105e4eb0-da8d-45a8-aa4d-6a34a0376ddd	mode=repo	action=yellow:prose	lines=11	first=.
2026-08-01T20:55:00	session=012842c4	pid=-	mode=off	action=out_of_scope	lines=0	first=-
2026-08-01T21:01:41	session=012842c4	pid=-	mode=off	action=out_of_scope	lines=0	first=-
2026-08-01T21:01:43	session=012842c4	pid=-	mode=off	action=out_of_scope	lines=0	first=-
2026-08-01T22:01:34	session=012842c4	pid=-	mode=off	action=out_of_scope	lines=0	first=-
2026-08-01T23:01:34	session=012842c4	pid=-	mode=off	action=out_of_scope	lines=0	first=-
2026-08-01T23:36:26	session=fec61349	pid=458a1c5a-dc34-44b8-a48f-9b279889b750	mode=repo	action=clean	lines=0	first=-
2026-08-01T23:36:26	session=fec61349	pid=458a1c5a-dc34-44b8-a48f-9b279889b750	mode=repo	action=clean	lines=0	first=-
2026-08-01T23:36:26	session=fec61349	pid=458a1c5a-dc34-44b8-a48f-9b279889b750	mode=repo	action=clean	lines=0	first=-
2026-08-01T23:36:26	session=fec61349	pid=458a1c5a-dc34-44b8-a48f-9b279889b750	mode=repo	action=clean	lines=0	first=-
2026-08-01T23:36:26	session=fec61349	pid=458a1c5a-dc34-44b8-a48f-9b279889b750	mode=repo	action=clean	lines=0	first=-
2026-08-01T23:36:26	session=fec61349	pid=458a1c5a-dc34-44b8-a48f-9b279889b750	mode=repo	action=clean	lines=0	first=-
2026-08-01T23:36:26	session=fec61349	pid=458a1c5a-dc34-44b8-a48f-9b279889b750	mode=repo	action=clean	lines=0	first=-
2026-08-01T23:36:34	session=fec61349	pid=458a1c5a-dc34-44b8-a48f-9b279889b750	mode=repo	action=clean	lines=0	first=-
2026-08-01T23:36:34	session=fec61349	pid=458a1c5a-dc34-44b8-a48f-9b279889b750	mode=repo	action=clean	lines=0	first=-
2026-08-01T23:36:34	session=fec61349	pid=458a1c5a-dc34-44b8-a48f-9b279889b750	mode=repo	action=clean	lines=0	first=-
2026-08-01T23:36:34	session=fec61349	pid=458a1c5a-dc34-44b8-a48f-9b279889b750	mode=repo	action=clean	lines=0	first=-
2026-08-01T23:36:34	session=fec61349	pid=458a1c5a-dc34-44b8-a48f-9b279889b750	mode=repo	action=clean	lines=0	first=-
2026-08-01T23:36:34	session=fec61349	pid=458a1c5a-dc34-44b8-a48f-9b279889b750	mode=repo	action=clean	lines=0	first=-
2026-08-01T23:36:34	session=fec61349	pid=458a1c5a-dc34-44b8-a48f-9b279889b750	mode=repo	action=clean	lines=0	first=-
2026-08-01T23:38:27	session=fec61349	pid=458a1c5a-dc34-44b8-a48f-9b279889b750	mode=repo	action=yellow:prose	lines=1	first=.
2026-08-01T23:39:25	session=fec61349	pid=458a1c5a-dc34-44b8-a48f-9b279889b750	mode=repo	action=yellow:prose	lines=1	first=.
2026-08-01T23:39:25	session=fec61349	pid=458a1c5a-dc34-44b8-a48f-9b279889b750	mode=repo	action=yellow:prose	lines=1	first=.
2026-08-01T23:39:25	session=fec61349	pid=458a1c5a-dc34-44b8-a48f-9b279889b750	mode=repo	action=yellow:prose	lines=1	first=.
2026-08-01T23:39:25	session=fec61349	pid=458a1c5a-dc34-44b8-a48f-9b279889b750	mode=repo	action=yellow:prose	lines=1	first=.
2026-08-01T23:39:25	session=fec61349	pid=458a1c5a-dc34-44b8-a48f-9b279889b750	mode=repo	action=yellow:prose	lines=1	first=.
2026-08-01T23:39:25	session=fec61349	pid=458a1c5a-dc34-44b8-a48f-9b279889b750	mode=repo	action=yellow:prose	lines=1	first=.
2026-08-01T23:39:25	session=fec61349	pid=458a1c5a-dc34-44b8-a48f-9b279889b750	mode=repo	action=yellow:prose	lines=1	first=.
2026-08-01T23:39:25	session=fec61349	pid=458a1c5a-dc34-44b8-a48f-9b279889b750	mode=repo	action=yellow:prose	lines=1	first=.
2026-08-01T23:39:26	session=fec61349	pid=458a1c5a-dc34-44b8-a48f-9b279889b750	mode=repo	action=yellow:prose	lines=1	first=.
2026-08-01T23:39:26	session=fec61349	pid=458a1c5a-dc34-44b8-a48f-9b279889b750	mode=repo	action=yellow:prose	lines=1	first=.
2026-08-01T23:39:26	session=fec61349	pid=458a1c5a-dc34-44b8-a48f-9b279889b750	mode=repo	action=yellow:prose	lines=1	first=.
2026-08-01T23:39:26	session=fec61349	pid=458a1c5a-dc34-44b8-a48f-9b279889b750	mode=repo	action=yellow:prose	lines=1	first=.
2026-08-01T23:39:26	session=fec61349	pid=458a1c5a-dc34-44b8-a48f-9b279889b750	mode=repo	action=yellow:prose	lines=1	first=.
2026-08-01T23:39:26	session=fec61349	pid=458a1c5a-dc34-44b8-a48f-9b279889b750	mode=repo	action=yellow:prose	lines=1	first=.
2026-08-01T23:39:26	session=fec61349	pid=458a1c5a-dc34-44b8-a48f-9b279889b750	mode=repo	action=yellow:prose	lines=1	first=.
2026-08-01T23:39:26	session=fec61349	pid=458a1c5a-dc34-44b8-a48f-9b279889b750	mode=repo	action=yellow:prose	lines=1	first=.
2026-08-01T23:39:26	session=fec61349	pid=458a1c5a-dc34-44b8-a48f-9b279889b750	mode=repo	action=yellow:prose	lines=1	first=.
2026-08-01T23:39:26	session=fec61349	pid=458a1c5a-dc34-44b8-a48f-9b279889b750	mode=repo	action=yellow:prose	lines=1	first=.
2026-08-01T23:44:05	session=fec61349	pid=94019d8d-af1f-41de-8980-81ea0f7d0b9e	mode=repo	action=yellow:prose	lines=2	first=.
2026-08-01T23:44:52	session=fec61349	pid=19999d29-3d12-4d02-a9dc-356bcec091eb	mode=repo	action=yellow:prose	lines=2	first=.
2026-08-01T23:48:04	session=fec61349	pid=27ceee8c-e94c-4385-a45d-9c56c8b9ba99	mode=repo	action=yellow:prose	lines=4	first=.
2026-08-01T23:59:22	session=fec61349	pid=d5ac9326-549b-4e9f-9fca-63e25e8d93ec	mode=repo	action=yellow:prose	lines=7	first=.
2026-08-02T00:01:18	session=budgetpr	pid=d5ac9326-549b-4e9f-9fca-63e25e8d93ec	mode=repo	action=yellow:prose	lines=7	first=.
2026-08-02T00:01:18	session=budgetpr	pid=d5ac9326-549b-4e9f-9fca-63e25e8d93ec	mode=repo	action=yellow:prose	lines=7	first=.
2026-08-02T00:01:18	session=budgetpr	pid=d5ac9326-549b-4e9f-9fca-63e25e8d93ec	mode=repo	action=yellow:prose	lines=7	first=.
2026-08-02T00:01:18	session=budgetpr	pid=d5ac9326-549b-4e9f-9fca-63e25e8d93ec	mode=repo	action=yellow:prose	lines=7	first=.
2026-08-02T00:01:18	session=budgetpr	pid=d5ac9326-549b-4e9f-9fca-63e25e8d93ec	mode=repo	action=yellow:prose	lines=7	first=.
2026-08-02T00:01:18	session=budgetpr	pid=d5ac9326-549b-4e9f-9fca-63e25e8d93ec	mode=repo	action=yellow:prose	lines=7	first=.
2026-08-02T00:01:18	session=budgetpr	pid=d5ac9326-549b-4e9f-9fca-63e25e8d93ec	mode=repo	action=yellow:prose	lines=7	first=.
2026-08-02T00:01:18	session=budgetpr	pid=d5ac9326-549b-4e9f-9fca-63e25e8d93ec	mode=repo	action=yellow:prose	lines=7	first=.
2026-08-02T00:01:18	session=budgetpr	pid=d5ac9326-549b-4e9f-9fca-63e25e8d93ec	mode=repo	action=yellow:prose	lines=7	first=.
2026-08-02T00:01:18	session=budgetpr	pid=d5ac9326-549b-4e9f-9fca-63e25e8d93ec	mode=repo	action=yellow:prose	lines=7	first=.
2026-08-02T00:01:18	session=budgetpr	pid=d5ac9326-549b-4e9f-9fca-63e25e8d93ec	mode=repo	action=yellow:prose	lines=7	first=.
2026-08-02T00:01:55	session=budgetpr	pid=d5ac9326-549b-4e9f-9fca-63e25e8d93ec	mode=repo	action=yellow:prose	lines=7	first=.
2026-08-02T00:01:55	session=budgetpr	pid=d5ac9326-549b-4e9f-9fca-63e25e8d93ec	mode=repo	action=yellow:prose	lines=7	first=.
2026-08-02T00:01:55	session=budgetpr	pid=d5ac9326-549b-4e9f-9fca-63e25e8d93ec	mode=repo	action=yellow:prose	lines=7	first=.
2026-08-02T00:01:55	session=budgetpr	pid=d5ac9326-549b-4e9f-9fca-63e25e8d93ec	mode=repo	action=yellow:prose	lines=7	first=.
2026-08-02T00:01:55	session=budgetpr	pid=d5ac9326-549b-4e9f-9fca-63e25e8d93ec	mode=repo	action=yellow:prose	lines=7	first=.
2026-08-02T00:01:55	session=budgetpr	pid=d5ac9326-549b-4e9f-9fca-63e25e8d93ec	mode=repo	action=yellow:prose	lines=7	first=.
2026-08-02T00:01:55	session=budgetpr	pid=d5ac9326-549b-4e9f-9fca-63e25e8d93ec	mode=repo	action=yellow:prose	lines=7	first=.
2026-08-02T00:01:55	session=budgetpr	pid=91817838-5797-4269-9ad1-9936787c5b6d	mode=repo	action=exempt:yn	lines=1	first=Yes
2026-08-02T00:01:55	session=budgetpr	pid=91817838-5797-4269-9ad1-9936787c5b6d	mode=repo	action=exempt:yn	lines=1	first=Yes
2026-08-02T00:01:55	session=budgetpr	pid=91817838-5797-4269-9ad1-9936787c5b6d	mode=repo	action=exempt:yn	lines=1	first=Yes
2026-08-02T00:01:55	session=budgetpr	pid=91817838-5797-4269-9ad1-9936787c5b6d	mode=repo	action=exempt:yn	lines=1	first=Yes
2026-08-02T00:01:55	session=budgetpr	pid=91817838-5797-4269-9ad1-9936787c5b6d	mode=repo	action=exempt:yn	lines=1	first=Yes
2026-08-02T00:01:55	session=budgetpr	pid=91817838-5797-4269-9ad1-9936787c5b6d	mode=repo	action=exempt:yn	lines=1	first=Yes
2026-08-02T00:01:56	session=budgetpr	pid=91817838-5797-4269-9ad1-9936787c5b6d	mode=repo	action=exempt:yn	lines=1	first=Yes
2026-08-02T00:01:56	session=budgetpr	pid=f113bc66-218a-4191-9fa1-52897937063b	mode=repo	action=yellow:prose	lines=4	first=Reading the close protocol and the original session's close (to know which comms files to exclude), plus the timestamp.
2026-08-02T00:01:56	session=budgetpr	pid=f113bc66-218a-4191-9fa1-52897937063b	mode=repo	action=yellow:prose	lines=4	first=Reading the close protocol and the original session's close (to know which comms files to exclude), plus the timestamp.
2026-08-02T00:01:56	session=budgetpr	pid=f113bc66-218a-4191-9fa1-52897937063b	mode=repo	action=yellow:prose	lines=4	first=Reading the close protocol and the original session's close (to know which comms files to exclude), plus the timestamp.
2026-08-02T00:01:56	session=budgetpr	pid=f113bc66-218a-4191-9fa1-52897937063b	mode=repo	action=yellow:prose	lines=4	first=Reading the close protocol and the original session's close (to know which comms files to exclude), plus the timestamp.
2026-08-02T00:01:56	session=budgetpr	pid=f113bc66-218a-4191-9fa1-52897937063b	mode=repo	action=yellow:prose	lines=4	first=Reading the close protocol and the original session's close (to know which comms files to exclude), plus the timestamp.
2026-08-02T00:01:56	session=budgetpr	pid=f113bc66-218a-4191-9fa1-52897937063b	mode=repo	action=yellow:prose	lines=4	first=Reading the close protocol and the original session's close (to know which comms files to exclude), plus the timestamp.
2026-08-02T00:01:56	session=budgetpr	pid=f113bc66-218a-4191-9fa1-52897937063b	mode=repo	action=yellow:prose	lines=4	first=Reading the close protocol and the original session's close (to know which comms files to exclude), plus the timestamp.
2026-08-02T00:01:58	session=budgetpr	pid=fee13a2e-9c9b-4a70-a553-930df3402948	mode=repo	action=clean	lines=0	first=-
2026-08-02T00:01:58	session=budgetpr	pid=fee13a2e-9c9b-4a70-a553-930df3402948	mode=repo	action=clean	lines=0	first=-
2026-08-02T00:01:58	session=budgetpr	pid=fee13a2e-9c9b-4a70-a553-930df3402948	mode=repo	action=clean	lines=0	first=-
2026-08-02T00:01:58	session=budgetpr	pid=fee13a2e-9c9b-4a70-a553-930df3402948	mode=repo	action=clean	lines=0	first=-
2026-08-02T00:01:58	session=budgetpr	pid=fee13a2e-9c9b-4a70-a553-930df3402948	mode=repo	action=clean	lines=0	first=-
2026-08-02T00:01:58	session=budgetpr	pid=fee13a2e-9c9b-4a70-a553-930df3402948	mode=repo	action=clean	lines=0	first=-
2026-08-02T00:01:59	session=budgetpr	pid=fee13a2e-9c9b-4a70-a553-930df3402948	mode=repo	action=clean	lines=0	first=-
2026-08-02T00:07:25	session=012842c4	pid=-	mode=off	action=out_of_scope	lines=0	first=-
2026-08-02T00:09:18	session=fec61349	pid=6fd8fabb-6ea5-49db-8540-2e9de1667e1f	mode=repo	action=yellow:prose	lines=7	first=.
2026-08-02T00:14:15	session=261edff1	pid=7dcf7382-c94f-46a8-9b25-36ed76c7a981	mode=reader	action=clean:dot_reader	lines=0	first=-
2026-08-02T00:16:32	session=012842c4	pid=-	mode=off	action=out_of_scope	lines=0	first=-
2026-08-02T00:24:29	session=012842c4	pid=-	mode=off	action=out_of_scope	lines=0	first=-
2026-08-02T05:32:04	session=012842c4	pid=-	mode=off	action=out_of_scope	lines=0	first=-
2026-08-02T08:59:00	session=012842c4	pid=-	mode=off	action=out_of_scope	lines=0	first=-
2026-08-02T09:04:29	session=fec61349	pid=00c4e92f-5c11-464a-b3b1-1799f9d1dcc6	mode=repo	action=yellow:prose	lines=2	first=You're right, and it's a clean protocol violation. Fixing the record first.
2026-08-02T09:24:06	session=012842c4	pid=-	mode=off	action=out_of_scope	lines=0	first=-
2026-08-02T09:29:48	session=012842c4	pid=-	mode=off	action=out_of_scope	lines=0	first=-
2026-08-02T09:30:56	session=fec61349	pid=580d5f88-6736-49e3-ba11-be9ebffcfb4c	mode=repo	action=yellow:prose	lines=3	first=You're right, and it's a clean protocol violation. Fixing the record first.
2026-08-02T10:16:08	session=012842c4	pid=-	mode=off	action=out_of_scope	lines=0	first=-
2026-08-02T10:40:41	session=012842c4	pid=-	mode=off	action=out_of_scope	lines=0	first=-
2026-08-02T11:12:01	session=012842c4	pid=-	mode=off	action=out_of_scope	lines=0	first=-
2026-08-02T12:05:00	session=012842c4	pid=-	mode=off	action=out_of_scope	lines=0	first=-
2026-08-02T12:16:14	session=012842c4	pid=-	mode=off	action=out_of_scope	lines=0	first=-
2026-08-02T13:03:14	session=012842c4	pid=-	mode=off	action=out_of_scope	lines=0	first=-
2026-08-02T13:19:10	session=012842c4	pid=-	mode=off	action=out_of_scope	lines=0	first=-
2026-08-02T17:55:10	session=261edff1	pid=8b520ff7-06ab-421e-b251-2b2070b9cca7	mode=reader	action=clean	lines=0	first=-
2026-08-03T03:08:24	session=012842c4	pid=-	mode=off	action=out_of_scope	lines=0	first=-
2026-08-03T03:36:59	session=9f009a30	pid=-	mode=off	action=out_of_scope	lines=0	first=-
2026-08-03T03:37:36	session=9f009a30	pid=-	mode=off	action=out_of_scope	lines=0	first=-
2026-08-03T03:38:02	session=9f009a30	pid=-	mode=off	action=out_of_scope	lines=0	first=-
2026-08-03T03:38:19	session=173b1d14	pid=-	mode=off	action=out_of_scope	lines=0	first=-
2026-08-03T03:38:36	session=adbb6651	pid=-	mode=off	action=out_of_scope	lines=0	first=-
2026-08-03T03:38:41	session=33752ef0	pid=-	mode=off	action=out_of_scope	lines=0	first=-
2026-08-03T03:38:50	session=2f87e94a	pid=-	mode=off	action=out_of_scope	lines=0	first=-
2026-08-03T03:38:53	session=c35b0538	pid=-	mode=off	action=out_of_scope	lines=0	first=-
2026-08-03T03:39:12	session=eb25992c	pid=-	mode=off	action=out_of_scope	lines=0	first=-
2026-08-03T03:39:20	session=67590e1f	pid=-	mode=off	action=out_of_scope	lines=0	first=-
2026-08-03T03:39:30	session=99e98fc3	pid=-	mode=off	action=out_of_scope	lines=0	first=-
2026-08-03T03:39:30	session=ecc5488e	pid=-	mode=off	action=out_of_scope	lines=0	first=-
2026-08-03T03:39:43	session=a4f1c57f	pid=-	mode=off	action=out_of_scope	lines=0	first=-
2026-08-03T03:39:44	session=ca50d996	pid=-	mode=off	action=out_of_scope	lines=0	first=-
2026-08-03T03:39:52	session=cb36c4d7	pid=-	mode=off	action=out_of_scope	lines=0	first=-
2026-08-03T03:40:14	session=9f009a30	pid=-	mode=off	action=out_of_scope	lines=0	first=-
2026-08-03T03:40:25	session=e3e7570b	pid=-	mode=off	action=out_of_scope	lines=0	first=-
2026-08-03T03:40:39	session=10f77c9d	pid=-	mode=off	action=out_of_scope	lines=0	first=-
2026-08-03T03:41:05	session=2c1568dd	pid=-	mode=off	action=out_of_scope	lines=0	first=-
2026-08-03T03:41:09	session=fd812327	pid=-	mode=off	action=out_of_scope	lines=0	first=-
2026-08-03T03:41:42	session=5be0f022	pid=-	mode=off	action=out_of_scope	lines=0	first=-
2026-08-03T03:42:22	session=9f009a30	pid=-	mode=off	action=out_of_scope	lines=0	first=-
2026-08-03T03:42:29	session=9f009a30	pid=-	mode=off	action=out_of_scope	lines=0	first=-
2026-08-03T03:43:05	session=1dbedb2f	pid=-	mode=off	action=out_of_scope	lines=0	first=-
2026-08-03T03:43:40	session=bb3cbbe2	pid=-	mode=off	action=out_of_scope	lines=0	first=-
2026-08-03T03:43:54	session=1768e3be	pid=-	mode=off	action=out_of_scope	lines=0	first=-
2026-08-03T03:44:44	session=6220c181	pid=-	mode=off	action=out_of_scope	lines=0	first=-
2026-08-03T03:45:14	session=e48a397e	pid=-	mode=off	action=out_of_scope	lines=0	first=-
2026-08-03T03:45:34	session=43538d66	pid=-	mode=off	action=out_of_scope	lines=0	first=-
2026-08-03T03:46:05	session=0efb5f2b	pid=-	mode=off	action=out_of_scope	lines=0	first=-
2026-08-03T03:46:27	session=61ac92a5	pid=-	mode=off	action=out_of_scope	lines=0	first=-
2026-08-03T03:46:55	session=e384dbe9	pid=-	mode=off	action=out_of_scope	lines=0	first=-
2026-08-03T03:47:13	session=9029c158	pid=-	mode=off	action=out_of_scope	lines=0	first=-
2026-08-03T03:47:25	session=9df17135	pid=-	mode=off	action=out_of_scope	lines=0	first=-
2026-08-03T03:47:38	session=4b06c7a2	pid=-	mode=off	action=out_of_scope	lines=0	first=-
2026-08-03T03:47:38	session=05ba025a	pid=-	mode=off	action=out_of_scope	lines=0	first=-
2026-08-03T03:47:52	session=d8cc91af	pid=-	mode=off	action=out_of_scope	lines=0	first=-
2026-08-03T03:48:11	session=11ed39a8	pid=-	mode=off	action=out_of_scope	lines=0	first=-
2026-08-03T03:48:44	session=8e9a9234	pid=-	mode=off	action=out_of_scope	lines=0	first=-
2026-08-03T03:48:56	session=7596624e	pid=-	mode=off	action=out_of_scope	lines=0	first=-
2026-08-03T03:49:05	session=3a17cc68	pid=-	mode=off	action=out_of_scope	lines=0	first=-
2026-08-03T03:49:20	session=d76f88ff	pid=-	mode=off	action=out_of_scope	lines=0	first=-
2026-08-03T03:49:35	session=9ccb426e	pid=-	mode=off	action=out_of_scope	lines=0	first=-
2026-08-03T03:49:40	session=2bbe84df	pid=-	mode=off	action=out_of_scope	lines=0	first=-
2026-08-03T03:49:59	session=125093d7	pid=-	mode=off	action=out_of_scope	lines=0	first=-
2026-08-03T03:50:00	session=d9554a76	pid=-	mode=off	action=out_of_scope	lines=0	first=-
2026-08-03T03:50:13	session=1300a1fa	pid=-	mode=off	action=out_of_scope	lines=0	first=-
2026-08-03T03:50:22	session=a040dd50	pid=-	mode=off	action=out_of_scope	lines=0	first=-
2026-08-03T03:50:24	session=c4e9e9ed	pid=-	mode=off	action=out_of_scope	lines=0	first=-
2026-08-03T03:50:40	session=2c0e7276	pid=-	mode=off	action=out_of_scope	lines=0	first=-
2026-08-03T03:50:41	session=4e7b20a4	pid=-	mode=off	action=out_of_scope	lines=0	first=-
2026-08-03T03:50:51	session=fd3ad9df	pid=-	mode=off	action=out_of_scope	lines=0	first=-
2026-08-03T03:51:26	session=bd348465	pid=-	mode=off	action=out_of_scope	lines=0	first=-
2026-08-03T03:51:36	session=84c2dc5a	pid=-	mode=off	action=out_of_scope	lines=0	first=-
2026-08-03T03:51:56	session=5b6f5277	pid=-	mode=off	action=out_of_scope	lines=0	first=-
2026-08-03T03:52:15	session=103a0d43	pid=-	mode=off	action=out_of_scope	lines=0	first=-
2026-08-03T03:52:17	session=13bbf056	pid=-	mode=off	action=out_of_scope	lines=0	first=-
2026-08-03T03:52:25	session=9851bfc3	pid=-	mode=off	action=out_of_scope	lines=0	first=-
2026-08-03T03:52:51	session=511570f2	pid=-	mode=off	action=out_of_scope	lines=0	first=-
2026-08-03T03:53:35	session=3776ff66	pid=-	mode=off	action=out_of_scope	lines=0	first=-
2026-08-03T03:53:53	session=c880f20d	pid=-	mode=off	action=out_of_scope	lines=0	first=-
2026-08-03T03:53:54	session=9f009a30	pid=-	mode=off	action=out_of_scope	lines=0	first=-
2026-08-03T03:54:09	session=ebcb46f7	pid=-	mode=off	action=out_of_scope	lines=0	first=-
2026-08-03T03:54:45	session=9f009a30	pid=-	mode=off	action=out_of_scope	lines=0	first=-
2026-08-03T03:54:49	session=9f009a30	pid=-	mode=off	action=out_of_scope	lines=0	first=-
2026-08-03T03:55:00	session=9f009a30	pid=-	mode=off	action=out_of_scope	lines=0	first=-
2026-08-03T03:55:07	session=2ac01d96	pid=-	mode=off	action=out_of_scope	lines=0	first=-
2026-08-03T03:55:16	session=63946cef	pid=-	mode=off	action=out_of_scope	lines=0	first=-
2026-08-03T03:55:29	session=9f009a30	pid=-	mode=off	action=out_of_scope	lines=0	first=-
2026-08-03T03:55:34	session=9f009a30	pid=-	mode=off	action=out_of_scope	lines=0	first=-
2026-08-03T03:55:38	session=9f009a30	pid=-	mode=off	action=out_of_scope	lines=0	first=-
2026-08-03T03:55:46	session=3734ed3a	pid=-	mode=off	action=out_of_scope	lines=0	first=-
2026-08-03T03:56:23	session=09061fdb	pid=-	mode=off	action=out_of_scope	lines=0	first=-
2026-08-03T03:56:29	session=9f009a30	pid=-	mode=off	action=out_of_scope	lines=0	first=-
2026-08-03T03:56:57	session=8529c5aa	pid=-	mode=off	action=out_of_scope	lines=0	first=-
2026-08-03T03:57:13	session=9f009a30	pid=-	mode=off	action=out_of_scope	lines=0	first=-
2026-08-03T03:57:17	session=9f009a30	pid=-	mode=off	action=out_of_scope	lines=0	first=-
2026-08-03T03:57:27	session=9f009a30	pid=-	mode=off	action=out_of_scope	lines=0	first=-
2026-08-03T03:57:48	session=85c91ebc	pid=-	mode=off	action=out_of_scope	lines=0	first=-
2026-08-03T03:58:43	session=7e2198ac	pid=-	mode=off	action=out_of_scope	lines=0	first=-
2026-08-03T03:59:29	session=f7117079	pid=-	mode=off	action=out_of_scope	lines=0	first=-
2026-08-03T04:00:58	session=2457eeb6	pid=-	mode=off	action=out_of_scope	lines=0	first=-
2026-08-03T04:01:10	session=9f009a30	pid=-	mode=off	action=out_of_scope	lines=0	first=-
2026-08-03T04:01:15	session=9f009a30	pid=-	mode=off	action=out_of_scope	lines=0	first=-
2026-08-03T04:01:29	session=9f009a30	pid=-	mode=off	action=out_of_scope	lines=0	first=-
2026-08-03T04:02:52	session=3dd16bcb	pid=-	mode=off	action=out_of_scope	lines=0	first=-
2026-08-03T04:04:18	session=e99efb22	pid=-	mode=off	action=out_of_scope	lines=0	first=-
2026-08-03T04:05:46	session=1ff27789	pid=-	mode=off	action=out_of_scope	lines=0	first=-
2026-08-03T04:06:10	session=9f009a30	pid=-	mode=off	action=out_of_scope	lines=0	first=-
2026-08-03T04:06:14	session=9f009a30	pid=-	mode=off	action=out_of_scope	lines=0	first=-
2026-08-03T04:06:31	session=9f009a30	pid=-	mode=off	action=out_of_scope	lines=0	first=-
2026-08-03T04:06:35	session=a1924361	pid=-	mode=off	action=out_of_scope	lines=0	first=-
2026-08-03T04:07:08	session=9f620227	pid=-	mode=off	action=out_of_scope	lines=0	first=-
2026-08-03T04:07:33	session=13ebd7c6	pid=-	mode=off	action=out_of_scope	lines=0	first=-
2026-08-03T04:07:54	session=e0d8d601	pid=-	mode=off	action=out_of_scope	lines=0	first=-
2026-08-03T04:08:05	session=da0c92fe	pid=-	mode=off	action=out_of_scope	lines=0	first=-
2026-08-03T04:08:13	session=5ae7d40c	pid=-	mode=off	action=out_of_scope	lines=0	first=-
2026-08-03T04:08:33	session=3ccabc1a	pid=-	mode=off	action=out_of_scope	lines=0	first=-
2026-08-03T04:08:37	session=cee27293	pid=-	mode=off	action=out_of_scope	lines=0	first=-
2026-08-03T04:08:44	session=63ea69d8	pid=-	mode=off	action=out_of_scope	lines=0	first=-
2026-08-03T04:09:12	session=f98e7329	pid=-	mode=off	action=out_of_scope	lines=0	first=-
2026-08-03T04:09:26	session=70ebfeb6	pid=-	mode=off	action=out_of_scope	lines=0	first=-
2026-08-03T04:09:38	session=90e0af7f	pid=-	mode=off	action=out_of_scope	lines=0	first=-
2026-08-03T04:09:56	session=00ba688d	pid=-	mode=off	action=out_of_scope	lines=0	first=-
2026-08-03T04:10:52	session=dda4e503	pid=-	mode=off	action=out_of_scope	lines=0	first=-
2026-08-03T04:10:52	session=c03a6f47	pid=-	mode=off	action=out_of_scope	lines=0	first=-
2026-08-03T04:11:39	session=5c9ccc22	pid=-	mode=off	action=out_of_scope	lines=0	first=-
2026-08-03T04:11:59	session=4e5fd687	pid=-	mode=off	action=out_of_scope	lines=0	first=-
2026-08-03T04:12:26	session=c5019e10	pid=-	mode=off	action=out_of_scope	lines=0	first=-
2026-08-03T04:12:26	session=fd918ce5	pid=-	mode=off	action=out_of_scope	lines=0	first=-
2026-08-03T04:16:04	session=9f009a30	pid=-	mode=off	action=out_of_scope	lines=0	first=-
2026-08-03T04:16:39	session=9f009a30	pid=-	mode=off	action=out_of_scope	lines=0	first=-
2026-08-03T04:18:35	session=81eb7d50	pid=-	mode=off	action=out_of_scope	lines=0	first=-
2026-08-03T04:18:46	session=9f009a30	pid=-	mode=off	action=out_of_scope	lines=0	first=-
2026-08-03T04:19:01	session=9f009a30	pid=-	mode=off	action=out_of_scope	lines=0	first=-
2026-08-03T04:21:38	session=9f009a30	pid=-	mode=off	action=out_of_scope	lines=0	first=-
2026-08-03T04:22:16	session=1d334e10	pid=-	mode=off	action=out_of_scope	lines=0	first=-
2026-08-03T04:23:40	session=0fa2799c	pid=-	mode=off	action=out_of_scope	lines=0	first=-
2026-08-03T04:25:21	session=b9ab231d	pid=-	mode=off	action=out_of_scope	lines=0	first=-
2026-08-03T04:25:30	session=471a54f6	pid=-	mode=off	action=out_of_scope	lines=0	first=-
2026-08-03T04:25:52	session=7c3e91d8	pid=-	mode=off	action=out_of_scope	lines=0	first=-
2026-08-03T04:26:08	session=1a344e1f	pid=-	mode=off	action=out_of_scope	lines=0	first=-
2026-08-03T04:26:20	session=0dd81522	pid=-	mode=off	action=out_of_scope	lines=0	first=-
2026-08-03T04:26:29	session=e8a5d400	pid=-	mode=off	action=out_of_scope	lines=0	first=-
2026-08-03T04:26:34	session=475e0249	pid=-	mode=off	action=out_of_scope	lines=0	first=-
2026-08-03T04:26:42	session=9f009a30	pid=-	mode=off	action=out_of_scope	lines=0	first=-
2026-08-03T04:26:44	session=dacb0282	pid=-	mode=off	action=out_of_scope	lines=0	first=-
2026-08-03T04:27:26	session=2bd94d6c	pid=-	mode=off	action=out_of_scope	lines=0	first=-
2026-08-03T04:27:43	session=9f009a30	pid=-	mode=off	action=out_of_scope	lines=0	first=-
2026-08-03T04:27:48	session=9f009a30	pid=-	mode=off	action=out_of_scope	lines=0	first=-
2026-08-03T04:27:53	session=9f009a30	pid=-	mode=off	action=out_of_scope	lines=0	first=-
2026-08-03T04:28:31	session=112c414f	pid=-	mode=off	action=out_of_scope	lines=0	first=-
2026-08-03T04:28:41	session=9f009a30	pid=-	mode=off	action=out_of_scope	lines=0	first=-
2026-08-03T04:28:45	session=9f009a30	pid=-	mode=off	action=out_of_scope	lines=0	first=-
2026-08-03T04:28:49	session=9f009a30	pid=-	mode=off	action=out_of_scope	lines=0	first=-
2026-08-03T04:29:20	session=7791457a	pid=-	mode=off	action=out_of_scope	lines=0	first=-
2026-08-03T04:29:43	session=9f009a30	pid=-	mode=off	action=out_of_scope	lines=0	first=-
2026-08-03T04:29:50	session=9f009a30	pid=-	mode=off	action=out_of_scope	lines=0	first=-
2026-08-03T04:30:13	session=226f70ec	pid=-	mode=off	action=out_of_scope	lines=0	first=-
2026-08-03T04:31:04	session=7b3b8630	pid=-	mode=off	action=out_of_scope	lines=0	first=-
2026-08-03T04:31:30	session=9f009a30	pid=-	mode=off	action=out_of_scope	lines=0	first=-
2026-08-03T04:32:05	session=050ec50f	pid=-	mode=off	action=out_of_scope	lines=0	first=-
2026-08-03T04:36:30	session=9f009a30	pid=-	mode=off	action=out_of_scope	lines=0	first=-
2026-08-03T04:37:08	session=9f009a30	pid=-	mode=off	action=out_of_scope	lines=0	first=-
2026-08-03T04:37:37	session=b519c0f3	pid=-	mode=off	action=out_of_scope	lines=0	first=-
2026-08-03T04:37:51	session=9f009a30	pid=-	mode=off	action=out_of_scope	lines=0	first=-
2026-08-03T04:38:01	session=9f009a30	pid=-	mode=off	action=out_of_scope	lines=0	first=-
2026-08-03T04:38:31	session=9f009a30	pid=-	mode=off	action=out_of_scope	lines=0	first=-
2026-08-03T04:38:35	session=9f009a30	pid=-	mode=off	action=out_of_scope	lines=0	first=-
2026-08-03T04:39:01	session=9f009a30	pid=-	mode=off	action=out_of_scope	lines=0	first=-
2026-08-03T04:39:06	session=9f009a30	pid=-	mode=off	action=out_of_scope	lines=0	first=-
2026-08-03T04:39:26	session=53e3231f	pid=-	mode=off	action=out_of_scope	lines=0	first=-
2026-08-03T04:39:41	session=9f009a30	pid=-	mode=off	action=out_of_scope	lines=0	first=-
2026-08-03T04:39:46	session=9f009a30	pid=-	mode=off	action=out_of_scope	lines=0	first=-
2026-08-03T04:40:11	session=6a98272e	pid=-	mode=off	action=out_of_scope	lines=0	first=-
2026-08-03T04:40:37	session=9f009a30	pid=-	mode=off	action=out_of_scope	lines=0	first=-
2026-08-03T07:31:39	session=9f009a30	pid=-	mode=off	action=out_of_scope	lines=0	first=-
2026-08-03T07:31:49	session=1d6e89ea	pid=-	mode=off	action=out_of_scope	lines=0	first=-
2026-08-03T07:32:01	session=9f009a30	pid=-	mode=off	action=out_of_scope	lines=0	first=-
2026-08-03T07:32:06	session=9f009a30	pid=-	mode=off	action=out_of_scope	lines=0	first=-
2026-08-03T07:32:34	session=9f009a30	pid=-	mode=off	action=out_of_scope	lines=0	first=-
2026-08-03T07:32:46	session=9f009a30	pid=-	mode=off	action=out_of_scope	lines=0	first=-
2026-08-03T07:33:03	session=26fc4a8b	pid=-	mode=off	action=out_of_scope	lines=0	first=-
2026-08-03T07:33:20	session=9f009a30	pid=-	mode=off	action=out_of_scope	lines=0	first=-
2026-08-03T07:34:00	session=a9be3f96	pid=-	mode=off	action=out_of_scope	lines=0	first=-
2026-08-03T07:36:31	session=9f009a30	pid=-	mode=off	action=out_of_scope	lines=0	first=-
2026-08-03T07:41:32	session=9f009a30	pid=-	mode=off	action=out_of_scope	lines=0	first=-
2026-08-03T07:41:33	session=88dd6fa5	pid=-	mode=off	action=out_of_scope	lines=0	first=-
2026-08-03T07:41:48	session=9f009a30	pid=-	mode=off	action=out_of_scope	lines=0	first=-
2026-08-03T07:41:52	session=9f009a30	pid=-	mode=off	action=out_of_scope	lines=0	first=-
2026-08-03T07:43:09	session=adae3ade	pid=-	mode=off	action=out_of_scope	lines=0	first=-
2026-08-03T07:44:44	session=46baff71	pid=-	mode=off	action=out_of_scope	lines=0	first=-
2026-08-03T07:46:03	session=6ba62d8f	pid=-	mode=off	action=out_of_scope	lines=0	first=-
2026-08-03T07:46:31	session=9f009a30	pid=-	mode=off	action=out_of_scope	lines=0	first=-
2026-08-03T07:47:44	session=cd9a50d3	pid=-	mode=off	action=out_of_scope	lines=0	first=-
2026-08-03T07:49:50	session=d37b2972	pid=-	mode=off	action=out_of_scope	lines=0	first=-
2026-08-03T07:50:27	session=9f009a30	pid=-	mode=off	action=out_of_scope	lines=0	first=-
2026-08-03T07:50:32	session=9f009a30	pid=-	mode=off	action=out_of_scope	lines=0	first=-
2026-08-03T07:50:36	session=9f009a30	pid=-	mode=off	action=out_of_scope	lines=0	first=-
2026-08-03T07:51:11	session=3bfd9cf2	pid=-	mode=off	action=out_of_scope	lines=0	first=-
2026-08-03T07:51:23	session=9f009a30	pid=-	mode=off	action=out_of_scope	lines=0	first=-
2026-08-03T07:51:28	session=9f009a30	pid=-	mode=off	action=out_of_scope	lines=0	first=-
2026-08-03T07:51:32	session=9f009a30	pid=-	mode=off	action=out_of_scope	lines=0	first=-
2026-08-03T07:52:15	session=378cac34	pid=-	mode=off	action=out_of_scope	lines=0	first=-
2026-08-03T07:52:24	session=9f009a30	pid=-	mode=off	action=out_of_scope	lines=0	first=-
2026-08-03T07:52:28	session=9f009a30	pid=-	mode=off	action=out_of_scope	lines=0	first=-
2026-08-03T07:53:12	session=5b86dc8e	pid=-	mode=off	action=out_of_scope	lines=0	first=-
2026-08-03T07:56:32	session=9f009a30	pid=-	mode=off	action=out_of_scope	lines=0	first=-
2026-08-03T08:00:06	session=1be4f2a7	pid=-	mode=off	action=out_of_scope	lines=0	first=-
2026-08-03T08:00:22	session=9f009a30	pid=-	mode=off	action=out_of_scope	lines=0	first=-
2026-08-03T08:00:30	session=9f009a30	pid=-	mode=off	action=out_of_scope	lines=0	first=-
2026-08-03T08:01:26	session=66934edf	pid=-	mode=off	action=out_of_scope	lines=0	first=-
2026-08-03T08:01:31	session=9f009a30	pid=-	mode=off	action=out_of_scope	lines=0	first=-
2026-08-03T08:02:21	session=74862db2	pid=-	mode=off	action=out_of_scope	lines=0	first=-
2026-08-03T08:03:17	session=447c5a11	pid=-	mode=off	action=out_of_scope	lines=0	first=-
2026-08-03T08:04:04	session=2b4bf811	pid=-	mode=off	action=out_of_scope	lines=0	first=-
2026-08-03T08:04:34	session=e8a560b8	pid=-	mode=off	action=out_of_scope	lines=0	first=-
2026-08-03T08:04:56	session=60c28af4	pid=-	mode=off	action=out_of_scope	lines=0	first=-
2026-08-03T08:05:26	session=83d802c9	pid=-	mode=off	action=out_of_scope	lines=0	first=-
2026-08-03T08:05:51	session=04fb1c46	pid=-	mode=off	action=out_of_scope	lines=0	first=-
2026-08-03T08:06:01	session=2e2b7d69	pid=-	mode=off	action=out_of_scope	lines=0	first=-
2026-08-03T08:06:23	session=5a2978a4	pid=-	mode=off	action=out_of_scope	lines=0	first=-
2026-08-03T08:06:33	session=9f009a30	pid=-	mode=off	action=out_of_scope	lines=0	first=-
2026-08-03T08:06:38	session=80402880	pid=-	mode=off	action=out_of_scope	lines=0	first=-
2026-08-03T08:06:55	session=5cc2d0b3	pid=-	mode=off	action=out_of_scope	lines=0	first=-
2026-08-03T08:07:11	session=2edf9ddc	pid=-	mode=off	action=out_of_scope	lines=0	first=-
2026-08-03T08:07:27	session=9f009a30	pid=-	mode=off	action=out_of_scope	lines=0	first=-
2026-08-03T08:08:15	session=751197a7	pid=-	mode=off	action=out_of_scope	lines=0	first=-
2026-08-03T08:09:04	session=54230b43	pid=-	mode=off	action=out_of_scope	lines=0	first=-
2026-08-03T08:11:32	session=9f009a30	pid=-	mode=off	action=out_of_scope	lines=0	first=-
2026-08-03T08:15:42	session=e163e6e1	pid=-	mode=off	action=out_of_scope	lines=0	first=-
2026-08-03T08:15:57	session=9f009a30	pid=-	mode=off	action=out_of_scope	lines=0	first=-
2026-08-03T08:16:02	session=9f009a30	pid=-	mode=off	action=out_of_scope	lines=0	first=-
2026-08-03T08:16:32	session=9f009a30	pid=-	mode=off	action=out_of_scope	lines=0	first=-
2026-08-03T08:17:45	session=61ae161c	pid=-	mode=off	action=out_of_scope	lines=0	first=-
2026-08-03T08:19:22	session=2497a2a4	pid=-	mode=off	action=out_of_scope	lines=0	first=-
2026-08-03T08:20:24	session=2c6c38be	pid=-	mode=off	action=out_of_scope	lines=0	first=-
2026-08-03T08:21:01	session=e062a9ba	pid=-	mode=off	action=out_of_scope	lines=0	first=-
2026-08-03T08:21:21	session=5c8532e3	pid=-	mode=off	action=out_of_scope	lines=0	first=-
2026-08-03T08:21:32	session=9f009a30	pid=-	mode=off	action=out_of_scope	lines=0	first=-
2026-08-03T08:21:55	session=5d789bdc	pid=-	mode=off	action=out_of_scope	lines=0	first=-
2026-08-03T08:22:08	session=bb2c9097	pid=-	mode=off	action=out_of_scope	lines=0	first=-
2026-08-03T08:22:32	session=ed51949e	pid=-	mode=off	action=out_of_scope	lines=0	first=-
2026-08-03T08:22:50	session=e1de4f99	pid=-	mode=off	action=out_of_scope	lines=0	first=-
2026-08-03T08:23:20	session=799468b7	pid=-	mode=off	action=out_of_scope	lines=0	first=-
2026-08-03T08:23:38	session=7ca47bb5	pid=-	mode=off	action=out_of_scope	lines=0	first=-
2026-08-03T08:23:49	session=7591377d	pid=-	mode=off	action=out_of_scope	lines=0	first=-
2026-08-03T08:23:59	session=0976b371	pid=-	mode=off	action=out_of_scope	lines=0	first=-
2026-08-03T08:24:09	session=cf14c3e7	pid=-	mode=off	action=out_of_scope	lines=0	first=-
2026-08-03T08:24:27	session=9f009a30	pid=-	mode=off	action=out_of_scope	lines=0	first=-
2026-08-03T08:24:32	session=9f009a30	pid=-	mode=off	action=out_of_scope	lines=0	first=-
2026-08-03T08:24:36	session=9f009a30	pid=-	mode=off	action=out_of_scope	lines=0	first=-
2026-08-03T08:24:56	session=dc5509d0	pid=-	mode=off	action=out_of_scope	lines=0	first=-
2026-08-03T08:25:46	session=ce177e25	pid=-	mode=off	action=out_of_scope	lines=0	first=-
2026-08-03T08:26:22	session=8616a916	pid=-	mode=off	action=out_of_scope	lines=0	first=-
2026-08-03T08:26:32	session=9f009a30	pid=-	mode=off	action=out_of_scope	lines=0	first=-
2026-08-03T08:31:32	session=9f009a30	pid=-	mode=off	action=out_of_scope	lines=0	first=-
2026-08-03T08:36:32	session=9f009a30	pid=-	mode=off	action=out_of_scope	lines=0	first=-
2026-08-03T08:41:44	session=9f009a30	pid=-	mode=off	action=out_of_scope	lines=0	first=-
2026-08-03T08:47:03	session=9f009a30	pid=-	mode=off	action=out_of_scope	lines=0	first=-
2026-08-03T08:51:46	session=4f245782	pid=-	mode=off	action=out_of_scope	lines=0	first=-
2026-08-03T08:52:46	session=2bb81308	pid=-	mode=off	action=out_of_scope	lines=0	first=-
2026-08-03T08:53:23	session=c1eb7e33	pid=-	mode=off	action=out_of_scope	lines=0	first=-
2026-08-03T09:00:51	session=9f009a30	pid=-	mode=off	action=out_of_scope	lines=0	first=-
2026-08-03T09:01:34	session=9f009a30	pid=-	mode=off	action=out_of_scope	lines=0	first=-
2026-08-03T09:01:40	session=99570bf6	pid=-	mode=off	action=out_of_scope	lines=0	first=-
2026-08-03T09:01:52	session=9f009a30	pid=-	mode=off	action=out_of_scope	lines=0	first=-
2026-08-03T09:01:58	session=9f009a30	pid=-	mode=off	action=out_of_scope	lines=0	first=-
2026-08-03T09:03:06	session=c59d79b0	pid=-	mode=off	action=out_of_scope	lines=0	first=-
2026-08-03T09:03:51	session=44b24e9e	pid=-	mode=off	action=out_of_scope	lines=0	first=-
2026-08-03T09:04:22	session=70b7058f	pid=-	mode=off	action=out_of_scope	lines=0	first=-
2026-08-03T09:04:53	session=a86e525e	pid=-	mode=off	action=out_of_scope	lines=0	first=-
2026-08-03T09:05:10	session=e99929ca	pid=-	mode=off	action=out_of_scope	lines=0	first=-
2026-08-03T09:05:37	session=ee9dc370	pid=-	mode=off	action=out_of_scope	lines=0	first=-
2026-08-03T09:05:56	session=9f009a30	pid=-	mode=off	action=out_of_scope	lines=0	first=-
2026-08-03T09:06:01	session=9f009a30	pid=-	mode=off	action=out_of_scope	lines=0	first=-
2026-08-03T09:06:07	session=9f009a30	pid=-	mode=off	action=out_of_scope	lines=0	first=-
2026-08-03T09:06:32	session=9f009a30	pid=-	mode=off	action=out_of_scope	lines=0	first=-
2026-08-03T09:06:38	session=43099d8e	pid=-	mode=off	action=out_of_scope	lines=0	first=-
2026-08-03T09:07:26	session=31f1b7c4	pid=-	mode=off	action=out_of_scope	lines=0	first=-
2026-08-03T09:11:33	session=9f009a30	pid=-	mode=off	action=out_of_scope	lines=0	first=-
2026-08-03T09:12:29	session=5c988140	pid=-	mode=off	action=out_of_scope	lines=0	first=-
2026-08-03T09:12:39	session=9f009a30	pid=-	mode=off	action=out_of_scope	lines=0	first=-
2026-08-03T09:12:43	session=9f009a30	pid=-	mode=off	action=out_of_scope	lines=0	first=-
2026-08-03T09:13:41	session=95939f4f	pid=-	mode=off	action=out_of_scope	lines=0	first=-
2026-08-03T09:13:51	session=d7528470	pid=-	mode=off	action=out_of_scope	lines=0	first=-
2026-08-03T09:16:06	session=70620ba7	pid=-	mode=off	action=out_of_scope	lines=0	first=-
2026-08-03T09:16:33	session=9f009a30	pid=-	mode=off	action=out_of_scope	lines=0	first=-
2026-08-03T09:17:20	session=f7082fc0	pid=-	mode=off	action=out_of_scope	lines=0	first=-
2026-08-03T09:17:45	session=548ad625	pid=-	mode=off	action=out_of_scope	lines=0	first=-
2026-08-03T09:17:53	session=01692f3e	pid=-	mode=off	action=out_of_scope	lines=0	first=-
2026-08-03T09:18:14	session=8d47754f	pid=-	mode=off	action=out_of_scope	lines=0	first=-
2026-08-03T09:18:22	session=79b9181c	pid=-	mode=off	action=out_of_scope	lines=0	first=-
2026-08-03T09:18:35	session=3c831704	pid=-	mode=off	action=out_of_scope	lines=0	first=-
2026-08-03T09:19:03	session=716a3065	pid=-	mode=off	action=out_of_scope	lines=0	first=-
2026-08-03T09:19:23	session=2c1e7991	pid=-	mode=off	action=out_of_scope	lines=0	first=-
2026-08-03T09:19:30	session=50f7c469	pid=-	mode=off	action=out_of_scope	lines=0	first=-
2026-08-03T09:19:49	session=9f009a30	pid=-	mode=off	action=out_of_scope	lines=0	first=-
2026-08-03T09:19:54	session=9f009a30	pid=-	mode=off	action=out_of_scope	lines=0	first=-
2026-08-03T09:20:01	session=9f009a30	pid=-	mode=off	action=out_of_scope	lines=0	first=-
2026-08-03T09:20:35	session=8c0e78d1	pid=-	mode=off	action=out_of_scope	lines=0	first=-
2026-08-03T09:21:02	session=9f009a30	pid=-	mode=off	action=out_of_scope	lines=0	first=-
2026-08-03T09:21:08	session=9f009a30	pid=-	mode=off	action=out_of_scope	lines=0	first=-
2026-08-03T09:21:33	session=9f009a30	pid=-	mode=off	action=out_of_scope	lines=0	first=-
2026-08-03T09:21:41	session=43a8ed22	pid=-	mode=off	action=out_of_scope	lines=0	first=-
2026-08-03T09:22:26	session=cc52d48d	pid=-	mode=off	action=out_of_scope	lines=0	first=-
2026-08-03T09:22:50	session=2b07bd6a	pid=-	mode=off	action=out_of_scope	lines=0	first=-
2026-08-03T09:26:33	session=9f009a30	pid=-	mode=off	action=out_of_scope	lines=0	first=-
2026-08-03T09:30:49	session=ab7c8147	pid=-	mode=off	action=out_of_scope	lines=0	first=-
2026-08-03T09:30:59	session=9f009a30	pid=-	mode=off	action=out_of_scope	lines=0	first=-
2026-08-03T09:31:03	session=9f009a30	pid=-	mode=off	action=out_of_scope	lines=0	first=-
2026-08-03T09:31:33	session=9f009a30	pid=-	mode=off	action=out_of_scope	lines=0	first=-
2026-08-03T09:32:07	session=b3d78b19	pid=-	mode=off	action=out_of_scope	lines=0	first=-
2026-08-03T09:32:36	session=040eaa45	pid=-	mode=off	action=out_of_scope	lines=0	first=-
2026-08-03T09:34:28	session=f710bb1c	pid=-	mode=off	action=out_of_scope	lines=0	first=-
2026-08-03T09:36:03	session=bfc9e1fb	pid=-	mode=off	action=out_of_scope	lines=0	first=-
2026-08-03T09:36:22	session=d1902f32	pid=-	mode=off	action=out_of_scope	lines=0	first=-
2026-08-03T09:36:41	session=9f009a30	pid=-	mode=off	action=out_of_scope	lines=0	first=-
2026-08-03T09:36:47	session=36738244	pid=-	mode=off	action=out_of_scope	lines=0	first=-
2026-08-03T09:37:38	session=6fa3b540	pid=-	mode=off	action=out_of_scope	lines=0	first=-
2026-08-03T09:37:57	session=b230b3c5	pid=-	mode=off	action=out_of_scope	lines=0	first=-
2026-08-03T09:38:15	session=9f009a30	pid=-	mode=off	action=out_of_scope	lines=0	first=-
2026-08-03T09:38:20	session=9f009a30	pid=-	mode=off	action=out_of_scope	lines=0	first=-
2026-08-03T09:39:02	session=f8a6f3b6	pid=-	mode=off	action=out_of_scope	lines=0	first=-
2026-08-03T09:39:18	session=9f009a30	pid=-	mode=off	action=out_of_scope	lines=0	first=-
2026-08-03T09:39:30	session=9f009a30	pid=-	mode=off	action=out_of_scope	lines=0	first=-
2026-08-03T09:40:03	session=eb6e8441	pid=-	mode=off	action=out_of_scope	lines=0	first=-
2026-08-03T09:40:18	session=9f009a30	pid=-	mode=off	action=out_of_scope	lines=0	first=-
2026-08-03T09:40:23	session=9f009a30	pid=-	mode=off	action=out_of_scope	lines=0	first=-
2026-08-03T09:40:29	session=9f009a30	pid=-	mode=off	action=out_of_scope	lines=0	first=-
2026-08-03T09:40:29	session=99dd5a47	pid=-	mode=off	action=out_of_scope	lines=0	first=-
2026-08-03T09:40:48	session=9f009a30	pid=-	mode=off	action=out_of_scope	lines=0	first=-
2026-08-03T09:40:52	session=9f009a30	pid=-	mode=off	action=out_of_scope	lines=0	first=-
2026-08-03T09:41:22	session=9f009a30	pid=-	mode=off	action=out_of_scope	lines=0	first=-
2026-08-03T09:41:37	session=9f009a30	pid=-	mode=off	action=out_of_scope	lines=0	first=-
2026-08-03T09:42:01	session=9f009a30	pid=-	mode=off	action=out_of_scope	lines=0	first=-
2026-08-03T09:42:05	session=9f009a30	pid=-	mode=off	action=out_of_scope	lines=0	first=-
2026-08-03T09:42:32	session=e0c4c1fd	pid=-	mode=off	action=out_of_scope	lines=0	first=-
2026-08-03T09:42:46	session=9f009a30	pid=-	mode=off	action=out_of_scope	lines=0	first=-
2026-08-03T09:42:53	session=9f009a30	pid=-	mode=off	action=out_of_scope	lines=0	first=-
2026-08-03T09:43:05	session=9f009a30	pid=-	mode=off	action=out_of_scope	lines=0	first=-
2026-08-03T09:43:21	session=c7a639a8	pid=-	mode=off	action=out_of_scope	lines=0	first=-
2026-08-03T09:44:33	session=6605f06f	pid=-	mode=off	action=out_of_scope	lines=0	first=-
2026-08-03T09:46:34	session=9f009a30	pid=-	mode=off	action=out_of_scope	lines=0	first=-
2026-08-03T09:51:33	session=9f009a30	pid=-	mode=off	action=out_of_scope	lines=0	first=-
2026-08-03T09:51:47	session=0d625dfd	pid=-	mode=off	action=out_of_scope	lines=0	first=-
2026-08-03T09:52:02	session=9f009a30	pid=-	mode=off	action=out_of_scope	lines=0	first=-
2026-08-03T09:52:07	session=9f009a30	pid=-	mode=off	action=out_of_scope	lines=0	first=-
2026-08-03T09:53:42	session=bc572f0c	pid=-	mode=off	action=out_of_scope	lines=0	first=-
2026-08-03T09:55:14	session=a1251cb7	pid=-	mode=off	action=out_of_scope	lines=0	first=-
2026-08-03T09:56:18	session=ac876d8b	pid=-	mode=off	action=out_of_scope	lines=0	first=-
2026-08-03T09:56:34	session=9f009a30	pid=-	mode=off	action=out_of_scope	lines=0	first=-
2026-08-03T09:56:49	session=b0464837	pid=-	mode=off	action=out_of_scope	lines=0	first=-
2026-08-03T09:57:10	session=c5a9f1ec	pid=-	mode=off	action=out_of_scope	lines=0	first=-
2026-08-03T09:57:35	session=6faea62a	pid=-	mode=off	action=out_of_scope	lines=0	first=-
2026-08-03T09:58:12	session=ec45e423	pid=-	mode=off	action=out_of_scope	lines=0	first=-
2026-08-03T09:58:30	session=110740ef	pid=-	mode=off	action=out_of_scope	lines=0	first=-
2026-08-03T09:59:10	session=78704912	pid=-	mode=off	action=out_of_scope	lines=0	first=-
2026-08-03T09:59:30	session=9f009a30	pid=-	mode=off	action=out_of_scope	lines=0	first=-
2026-08-03T09:59:35	session=9f009a30	pid=-	mode=off	action=out_of_scope	lines=0	first=-
2026-08-03T09:59:40	session=9f009a30	pid=-	mode=off	action=out_of_scope	lines=0	first=-
2026-08-03T09:59:47	session=9f009a30	pid=-	mode=off	action=out_of_scope	lines=0	first=-
2026-08-03T10:00:09	session=9f009a30	pid=-	mode=off	action=out_of_scope	lines=0	first=-
2026-08-03T10:00:14	session=9f009a30	pid=-	mode=off	action=out_of_scope	lines=0	first=-
2026-08-03T10:00:36	session=a0c29e02	pid=-	mode=off	action=out_of_scope	lines=0	first=-
2026-08-03T10:00:49	session=9f009a30	pid=-	mode=off	action=out_of_scope	lines=0	first=-
2026-08-03T10:00:54	session=9f009a30	pid=-	mode=off	action=out_of_scope	lines=0	first=-
2026-08-03T10:01:08	session=9f009a30	pid=-	mode=off	action=out_of_scope	lines=0	first=-
2026-08-03T10:01:34	session=9f009a30	pid=-	mode=off	action=out_of_scope	lines=0	first=-
2026-08-03T10:01:42	session=50c151d4	pid=-	mode=off	action=out_of_scope	lines=0	first=-
2026-08-03T10:02:36	session=22f9f41a	pid=-	mode=off	action=out_of_scope	lines=0	first=-
2026-08-03T10:06:35	session=9f009a30	pid=-	mode=off	action=out_of_scope	lines=0	first=-
2026-08-03T10:10:15	session=cc7dd43a	pid=-	mode=off	action=out_of_scope	lines=0	first=-
2026-08-03T10:10:26	session=9f009a30	pid=-	mode=off	action=out_of_scope	lines=0	first=-
2026-08-03T10:10:35	session=9f009a30	pid=-	mode=off	action=out_of_scope	lines=0	first=-
2026-08-03T10:11:08	session=ea3586d5	pid=-	mode=off	action=out_of_scope	lines=0	first=-
2026-08-03T10:11:34	session=9f009a30	pid=-	mode=off	action=out_of_scope	lines=0	first=-
2026-08-03T10:11:51	session=cd149677	pid=-	mode=off	action=out_of_scope	lines=0	first=-
2026-08-03T10:12:15	session=61b9e833	pid=-	mode=off	action=out_of_scope	lines=0	first=-
2026-08-03T10:12:38	session=7e67a2c2	pid=-	mode=off	action=out_of_scope	lines=0	first=-
2026-08-03T10:13:11	session=4d74660d	pid=-	mode=off	action=out_of_scope	lines=0	first=-
2026-08-03T10:13:29	session=1e0ec92c	pid=-	mode=off	action=out_of_scope	lines=0	first=-
2026-08-03T10:13:50	session=71372957	pid=-	mode=off	action=out_of_scope	lines=0	first=-
2026-08-03T10:14:14	session=32f81643	pid=-	mode=off	action=out_of_scope	lines=0	first=-
2026-08-03T10:14:27	session=4703a305	pid=-	mode=off	action=out_of_scope	lines=0	first=-
2026-08-03T10:14:38	session=ac4d5343	pid=-	mode=off	action=out_of_scope	lines=0	first=-
2026-08-03T10:14:49	session=25eba65d	pid=-	mode=off	action=out_of_scope	lines=0	first=-
2026-08-03T10:15:03	session=88a5e5e4	pid=-	mode=off	action=out_of_scope	lines=0	first=-
2026-08-03T10:15:20	session=9f009a30	pid=-	mode=off	action=out_of_scope	lines=0	first=-
2026-08-03T10:15:25	session=9f009a30	pid=-	mode=off	action=out_of_scope	lines=0	first=-
2026-08-03T10:15:32	session=9f009a30	pid=-	mode=off	action=out_of_scope	lines=0	first=-
2026-08-03T10:16:00	session=159f4a6c	pid=-	mode=off	action=out_of_scope	lines=0	first=-
2026-08-03T10:16:34	session=9f009a30	pid=-	mode=off	action=out_of_scope	lines=0	first=-
2026-08-03T10:17:09	session=ce47ac84	pid=-	mode=off	action=out_of_scope	lines=0	first=-
2026-08-03T10:21:34	session=9f009a30	pid=-	mode=off	action=out_of_scope	lines=0	first=-
2026-08-03T10:22:22	session=f0bd302e	pid=-	mode=off	action=out_of_scope	lines=0	first=-
2026-08-03T10:22:31	session=9f009a30	pid=-	mode=off	action=out_of_scope	lines=0	first=-
2026-08-03T10:22:40	session=9f009a30	pid=-	mode=off	action=out_of_scope	lines=0	first=-
2026-08-03T10:23:40	session=a0953404	pid=-	mode=off	action=out_of_scope	lines=0	first=-
2026-08-03T10:24:15	session=ef19841d	pid=-	mode=off	action=out_of_scope	lines=0	first=-
2026-08-03T10:24:45	session=77988785	pid=-	mode=off	action=out_of_scope	lines=0	first=-
2026-08-03T10:24:58	session=55eeeaf2	pid=-	mode=off	action=out_of_scope	lines=0	first=-
2026-08-03T10:25:05	session=de80096d	pid=-	mode=off	action=out_of_scope	lines=0	first=-
2026-08-03T10:25:20	session=6a61a92d	pid=-	mode=off	action=out_of_scope	lines=0	first=-
2026-08-03T10:25:32	session=e0ff7e9e	pid=-	mode=off	action=out_of_scope	lines=0	first=-
2026-08-03T10:25:44	session=522c9e30	pid=-	mode=off	action=out_of_scope	lines=0	first=-
2026-08-03T10:26:02	session=9f009a30	pid=-	mode=off	action=out_of_scope	lines=0	first=-
2026-08-03T10:26:09	session=9f009a30	pid=-	mode=off	action=out_of_scope	lines=0	first=-
2026-08-03T10:26:34	session=9f009a30	pid=-	mode=off	action=out_of_scope	lines=0	first=-
2026-08-03T10:27:33	session=bad876fe	pid=-	mode=off	action=out_of_scope	lines=0	first=-
2026-08-03T10:28:20	session=36e5f3cc	pid=-	mode=off	action=out_of_scope	lines=0	first=-
2026-08-03T10:28:49	session=7798e1b6	pid=-	mode=off	action=out_of_scope	lines=0	first=-
2026-08-03T10:31:34	session=9f009a30	pid=-	mode=off	action=out_of_scope	lines=0	first=-
2026-08-03T10:36:35	session=9f009a30	pid=-	mode=off	action=out_of_scope	lines=0	first=-
2026-08-03T10:36:37	session=5d09e608	pid=-	mode=off	action=out_of_scope	lines=0	first=-
2026-08-03T10:36:50	session=9f009a30	pid=-	mode=off	action=out_of_scope	lines=0	first=-
2026-08-03T10:36:57	session=9f009a30	pid=-	mode=off	action=out_of_scope	lines=0	first=-
2026-08-03T10:38:14	session=6aba9bb2	pid=-	mode=off	action=out_of_scope	lines=0	first=-
2026-08-03T10:38:24	session=25a1225e	pid=-	mode=off	action=out_of_scope	lines=0	first=-
2026-08-03T10:41:12	session=a3de8cf6	pid=-	mode=off	action=out_of_scope	lines=0	first=-
2026-08-03T10:41:39	session=9f009a30	pid=-	mode=off	action=out_of_scope	lines=0	first=-
2026-08-03T10:42:49	session=abed70f7	pid=-	mode=off	action=out_of_scope	lines=0	first=-
2026-08-03T10:43:21	session=b588e6c2	pid=-	mode=off	action=out_of_scope	lines=0	first=-
2026-08-03T10:43:57	session=9f009a30	pid=-	mode=off	action=out_of_scope	lines=0	first=-
2026-08-03T10:44:03	session=9f009a30	pid=-	mode=off	action=out_of_scope	lines=0	first=-
2026-08-03T10:44:35	session=6144e2fe	pid=-	mode=off	action=out_of_scope	lines=0	first=-
2026-08-03T10:45:45	session=709c10be	pid=-	mode=off	action=out_of_scope	lines=0	first=-
2026-08-03T10:46:40	session=9f009a30	pid=-	mode=off	action=out_of_scope	lines=0	first=-
2026-08-03T10:51:35	session=9f009a30	pid=-	mode=off	action=out_of_scope	lines=0	first=-
2026-08-03T10:56:36	session=9f009a30	pid=-	mode=off	action=out_of_scope	lines=0	first=-
2026-08-03T11:01:44	session=9f009a30	pid=-	mode=off	action=out_of_scope	lines=0	first=-
2026-08-03T11:04:50	session=11f5470b	pid=-	mode=off	action=out_of_scope	lines=0	first=-
2026-08-03T11:05:04	session=9f009a30	pid=-	mode=off	action=out_of_scope	lines=0	first=-
2026-08-03T11:05:11	session=9f009a30	pid=-	mode=off	action=out_of_scope	lines=0	first=-
2026-08-03T11:06:00	session=3e988818	pid=-	mode=off	action=out_of_scope	lines=0	first=-
2026-08-03T11:06:42	session=9f009a30	pid=-	mode=off	action=out_of_scope	lines=0	first=-
2026-08-03T11:08:22	session=cd595887	pid=-	mode=off	action=out_of_scope	lines=0	first=-
2026-08-03T11:10:45	session=1e193244	pid=-	mode=off	action=out_of_scope	lines=0	first=-
2026-08-03T11:10:54	session=5a6b221d	pid=-	mode=off	action=out_of_scope	lines=0	first=-
2026-08-03T11:11:40	session=9f009a30	pid=-	mode=off	action=out_of_scope	lines=0	first=-
2026-08-03T11:11:47	session=0795fb26	pid=-	mode=off	action=out_of_scope	lines=0	first=-
2026-08-03T11:12:51	session=c3ab1edd	pid=-	mode=off	action=out_of_scope	lines=0	first=-
2026-08-03T11:13:35	session=90455c9a	pid=-	mode=off	action=out_of_scope	lines=0	first=-
2026-08-03T11:14:10	session=1c9d1a95	pid=-	mode=off	action=out_of_scope	lines=0	first=-
2026-08-03T11:14:43	session=b2875f43	pid=-	mode=off	action=out_of_scope	lines=0	first=-
2026-08-03T11:15:29	session=978cad89	pid=-	mode=off	action=out_of_scope	lines=0	first=-
2026-08-03T11:15:57	session=8de23cb3	pid=-	mode=off	action=out_of_scope	lines=0	first=-
2026-08-03T11:16:43	session=63d04a65	pid=-	mode=off	action=out_of_scope	lines=0	first=-
2026-08-03T11:16:43	session=9f009a30	pid=-	mode=off	action=out_of_scope	lines=0	first=-
2026-08-03T11:17:20	session=51238e1a	pid=-	mode=off	action=out_of_scope	lines=0	first=-
2026-08-03T11:18:04	session=901d8fd0	pid=-	mode=off	action=out_of_scope	lines=0	first=-
2026-08-03T11:18:23	session=d22c0715	pid=-	mode=off	action=out_of_scope	lines=0	first=-
2026-08-03T11:18:37	session=7b0aefd9	pid=-	mode=off	action=out_of_scope	lines=0	first=-
2026-08-03T11:18:50	session=5fbb25e5	pid=-	mode=off	action=out_of_scope	lines=0	first=-
2026-08-03T11:19:10	session=9f009a30	pid=-	mode=off	action=out_of_scope	lines=0	first=-
2026-08-03T11:19:15	session=9f009a30	pid=-	mode=off	action=out_of_scope	lines=0	first=-
2026-08-03T11:20:39	session=6c098ebf	pid=-	mode=off	action=out_of_scope	lines=0	first=-
2026-08-03T11:21:35	session=9f009a30	pid=-	mode=off	action=out_of_scope	lines=0	first=-
2026-08-03T11:22:02	session=f20c5e87	pid=-	mode=off	action=out_of_scope	lines=0	first=-
2026-08-03T11:22:35	session=a827e11f	pid=-	mode=off	action=out_of_scope	lines=0	first=-
2026-08-03T11:26:34	session=9f009a30	pid=-	mode=off	action=out_of_scope	lines=0	first=-
2026-08-03T11:31:35	session=9f009a30	pid=-	mode=off	action=out_of_scope	lines=0	first=-
2026-08-03T11:36:54	session=9f009a30	pid=-	mode=off	action=out_of_scope	lines=0	first=-
2026-08-03T11:41:48	session=9f009a30	pid=-	mode=off	action=out_of_scope	lines=0	first=-
2026-08-03T11:46:47	session=9f009a30	pid=-	mode=off	action=out_of_scope	lines=0	first=-
2026-08-03T11:47:45	session=9f009a30	pid=-	mode=off	action=out_of_scope	lines=0	first=-
2026-08-03T11:48:25	session=b138a75f	pid=-	mode=off	action=out_of_scope	lines=0	first=-
2026-08-03T11:49:05	session=3b8e331c	pid=-	mode=off	action=out_of_scope	lines=0	first=-
2026-08-03T11:51:37	session=9f009a30	pid=-	mode=off	action=out_of_scope	lines=0	first=-
2026-08-03T11:54:46	session=5a30910a	pid=-	mode=off	action=out_of_scope	lines=0	first=-
2026-08-03T11:54:54	session=9f009a30	pid=-	mode=off	action=out_of_scope	lines=0	first=-
2026-08-03T11:54:59	session=9f009a30	pid=-	mode=off	action=out_of_scope	lines=0	first=-
2026-08-03T11:56:36	session=9f009a30	pid=-	mode=off	action=out_of_scope	lines=0	first=-
2026-08-03T11:57:26	session=3e92b132	pid=-	mode=off	action=out_of_scope	lines=0	first=-
2026-08-03T11:57:47	session=2259925a	pid=-	mode=off	action=out_of_scope	lines=0	first=-
2026-08-03T11:58:19	session=5a3e96fb	pid=-	mode=off	action=out_of_scope	lines=0	first=-
2026-08-03T12:01:52	session=9f009a30	pid=-	mode=off	action=out_of_scope	lines=0	first=-
2026-08-03T12:02:33	session=ff6b625e	pid=-	mode=off	action=out_of_scope	lines=0	first=-
2026-08-03T12:03:34	session=4753d659	pid=-	mode=off	action=out_of_scope	lines=0	first=-
2026-08-03T12:04:37	session=d189c16f	pid=-	mode=off	action=out_of_scope	lines=0	first=-
2026-08-03T12:05:14	session=7dc50aa0	pid=-	mode=off	action=out_of_scope	lines=0	first=-
2026-08-03T12:05:56	session=4d5913f3	pid=-	mode=off	action=out_of_scope	lines=0	first=-
2026-08-03T12:06:38	session=38688f99	pid=-	mode=off	action=out_of_scope	lines=0	first=-
2026-08-03T12:06:40	session=9f009a30	pid=-	mode=off	action=out_of_scope	lines=0	first=-
2026-08-03T12:07:27	session=bcca3f2a	pid=-	mode=off	action=out_of_scope	lines=0	first=-
2026-08-03T12:32:58	session=9f009a30	pid=-	mode=off	action=out_of_scope	lines=0	first=-
2026-08-03T12:33:48	session=9f009a30	pid=-	mode=off	action=out_of_scope	lines=0	first=-
2026-08-03T12:33:49	session=0846eb67	pid=-	mode=off	action=out_of_scope	lines=0	first=-
2026-08-03T12:33:52	session=c2c89f8c	pid=-	mode=off	action=out_of_scope	lines=0	first=-
2026-08-03T12:33:54	session=9f009a30	pid=-	mode=off	action=out_of_scope	lines=0	first=-
2026-08-03T12:34:00	session=9f009a30	pid=-	mode=off	action=out_of_scope	lines=0	first=-
2026-08-03T12:34:10	session=9f009a30	pid=-	mode=off	action=out_of_scope	lines=0	first=-
2026-08-03T12:34:32	session=56dd03a3	pid=-	mode=off	action=out_of_scope	lines=0	first=-
2026-08-03T12:35:05	session=c1e6f755	pid=-	mode=off	action=out_of_scope	lines=0	first=-
2026-08-03T12:35:18	session=47942cc1	pid=-	mode=off	action=out_of_scope	lines=0	first=-
2026-08-03T12:35:25	session=d469e219	pid=-	mode=off	action=out_of_scope	lines=0	first=-
2026-08-03T12:35:48	session=a1f12053	pid=-	mode=off	action=out_of_scope	lines=0	first=-
2026-08-03T12:36:15	session=7c6af339	pid=-	mode=off	action=out_of_scope	lines=0	first=-
2026-08-03T12:36:16	session=e2bafe44	pid=-	mode=off	action=out_of_scope	lines=0	first=-
2026-08-03T12:36:19	session=b56b3e74	pid=-	mode=off	action=out_of_scope	lines=0	first=-
2026-08-03T12:36:38	session=9f009a30	pid=-	mode=off	action=out_of_scope	lines=0	first=-
2026-08-03T12:36:50	session=a1e02e61	pid=-	mode=off	action=out_of_scope	lines=0	first=-
2026-08-03T12:41:37	session=9f009a30	pid=-	mode=off	action=out_of_scope	lines=0	first=-
2026-08-03T12:43:34	session=90d08b5f	pid=-	mode=off	action=out_of_scope	lines=0	first=-
2026-08-03T12:43:52	session=9f009a30	pid=-	mode=off	action=out_of_scope	lines=0	first=-
2026-08-03T12:43:58	session=9f009a30	pid=-	mode=off	action=out_of_scope	lines=0	first=-
2026-08-03T12:44:53	session=6c0c3fa1	pid=-	mode=off	action=out_of_scope	lines=0	first=-
2026-08-03T12:45:06	session=9f009a30	pid=-	mode=off	action=out_of_scope	lines=0	first=-
2026-08-03T12:45:11	session=9f009a30	pid=-	mode=off	action=out_of_scope	lines=0	first=-
2026-08-03T12:45:24	session=0d602b78	pid=-	mode=off	action=out_of_scope	lines=0	first=-
2026-08-03T12:45:36	session=0ad978a4	pid=-	mode=off	action=out_of_scope	lines=0	first=-
2026-08-03T12:45:48	session=c5c4aef7	pid=-	mode=off	action=out_of_scope	lines=0	first=-
2026-08-03T12:46:07	session=98d1ddc4	pid=-	mode=off	action=out_of_scope	lines=0	first=-
2026-08-03T12:46:18	session=28d22f7b	pid=-	mode=off	action=out_of_scope	lines=0	first=-
2026-08-03T12:46:30	session=e3a8c978	pid=-	mode=off	action=out_of_scope	lines=0	first=-
2026-08-03T12:46:36	session=6a32701a	pid=-	mode=off	action=out_of_scope	lines=0	first=-
2026-08-03T12:46:40	session=9f009a30	pid=-	mode=off	action=out_of_scope	lines=0	first=-
2026-08-03T12:46:41	session=3a9d7299	pid=-	mode=off	action=out_of_scope	lines=0	first=-
2026-08-03T12:46:46	session=7b768aa3	pid=-	mode=off	action=out_of_scope	lines=0	first=-
2026-08-03T12:46:57	session=1e32c0af	pid=-	mode=off	action=out_of_scope	lines=0	first=-
2026-08-03T12:46:59	session=56c35072	pid=-	mode=off	action=out_of_scope	lines=0	first=-
2026-08-03T12:47:12	session=ccb433e1	pid=-	mode=off	action=out_of_scope	lines=0	first=-
2026-08-03T12:47:18	session=717d7c3b	pid=-	mode=off	action=out_of_scope	lines=0	first=-
2026-08-03T12:47:40	session=9f009a30	pid=-	mode=off	action=out_of_scope	lines=0	first=-
2026-08-03T12:48:11	session=9f009a30	pid=-	mode=off	action=out_of_scope	lines=0	first=-
2026-08-03T12:48:16	session=9f009a30	pid=-	mode=off	action=out_of_scope	lines=0	first=-
2026-08-03T12:48:20	session=3d6d9450	pid=-	mode=off	action=out_of_scope	lines=0	first=-
2026-08-03T12:48:47	session=9f009a30	pid=-	mode=off	action=out_of_scope	lines=0	first=-
2026-08-03T12:49:22	session=e5876a02	pid=-	mode=off	action=out_of_scope	lines=0	first=-
2026-08-03T12:49:34	session=8ae980da	pid=-	mode=off	action=out_of_scope	lines=0	first=-
2026-08-03T12:49:40	session=9f009a30	pid=-	mode=off	action=out_of_scope	lines=0	first=-
2026-08-03T12:50:09	session=f0d8eb4a	pid=-	mode=off	action=out_of_scope	lines=0	first=-
2026-08-03T12:50:43	session=bb286784	pid=-	mode=off	action=out_of_scope	lines=0	first=-
2026-08-03T12:50:50	session=a726c1e8	pid=-	mode=off	action=out_of_scope	lines=0	first=-
2026-08-03T12:51:37	session=9f009a30	pid=-	mode=off	action=out_of_scope	lines=0	first=-
2026-08-03T12:56:17	session=12924560	pid=-	mode=off	action=out_of_scope	lines=0	first=-
2026-08-03T12:56:27	session=9f009a30	pid=-	mode=off	action=out_of_scope	lines=0	first=-
2026-08-03T12:56:32	session=9f009a30	pid=-	mode=off	action=out_of_scope	lines=0	first=-
2026-08-03T12:56:38	session=9f009a30	pid=-	mode=off	action=out_of_scope	lines=0	first=-
2026-08-03T12:56:53	session=6adbc921	pid=-	mode=off	action=out_of_scope	lines=0	first=-
2026-08-03T12:57:15	session=9f009a30	pid=-	mode=off	action=out_of_scope	lines=0	first=-
2026-08-03T12:57:26	session=9f009a30	pid=-	mode=off	action=out_of_scope	lines=0	first=-
2026-08-03T12:57:27	session=821dc38d	pid=-	mode=off	action=out_of_scope	lines=0	first=-
2026-08-03T12:58:04	session=9f009a30	pid=-	mode=off	action=out_of_scope	lines=0	first=-
2026-08-03T12:58:22	session=f7ad3c2a	pid=-	mode=off	action=out_of_scope	lines=0	first=-
2026-08-03T12:58:26	session=15a43c58	pid=-	mode=off	action=out_of_scope	lines=0	first=-
2026-08-03T12:58:50	session=9f009a30	pid=-	mode=off	action=out_of_scope	lines=0	first=-
2026-08-03T12:59:29	session=f26d721c	pid=-	mode=off	action=out_of_scope	lines=0	first=-
2026-08-03T12:59:59	session=0edde468	pid=-	mode=off	action=out_of_scope	lines=0	first=-
2026-08-03T13:00:11	session=dbaf67e2	pid=-	mode=off	action=out_of_scope	lines=0	first=-
2026-08-03T13:01:15	session=5a59de82	pid=-	mode=off	action=out_of_scope	lines=0	first=-
2026-08-03T13:01:25	session=bfdeaee2	pid=-	mode=off	action=out_of_scope	lines=0	first=-
2026-08-03T13:01:35	session=d3d7e7b0	pid=-	mode=off	action=out_of_scope	lines=0	first=-
2026-08-03T13:01:36	session=9f009a30	pid=-	mode=off	action=out_of_scope	lines=0	first=-
2026-08-03T13:01:44	session=4a560596	pid=-	mode=off	action=out_of_scope	lines=0	first=-
2026-08-03T13:01:56	session=b7f62100	pid=-	mode=off	action=out_of_scope	lines=0	first=-
2026-08-03T13:02:06	session=db45e8a8	pid=-	mode=off	action=out_of_scope	lines=0	first=-
2026-08-03T13:02:41	session=f43fca46	pid=-	mode=off	action=out_of_scope	lines=0	first=-
2026-08-03T13:03:15	session=3b887f29	pid=-	mode=off	action=out_of_scope	lines=0	first=-
2026-08-03T13:03:39	session=9f009a30	pid=-	mode=off	action=out_of_scope	lines=0	first=-
2026-08-03T13:04:07	session=079414f2	pid=-	mode=off	action=out_of_scope	lines=0	first=-
2026-08-03T13:05:04	session=5b82fb27	pid=-	mode=off	action=out_of_scope	lines=0	first=-
2026-08-03T13:05:41	session=2709fa6c	pid=-	mode=off	action=out_of_scope	lines=0	first=-
2026-08-03T13:06:39	session=9f009a30	pid=-	mode=off	action=out_of_scope	lines=0	first=-
2026-08-03T13:08:20	session=7408cc09	pid=-	mode=off	action=out_of_scope	lines=0	first=-
2026-08-03T13:08:28	session=9f009a30	pid=-	mode=off	action=out_of_scope	lines=0	first=-
2026-08-03T13:08:35	session=9f009a30	pid=-	mode=off	action=out_of_scope	lines=0	first=-
2026-08-03T13:10:22	session=e6a47ed9	pid=-	mode=off	action=out_of_scope	lines=0	first=-
2026-08-03T13:11:16	session=dd67a3a4	pid=-	mode=off	action=out_of_scope	lines=0	first=-
2026-08-03T13:11:38	session=9f009a30	pid=-	mode=off	action=out_of_scope	lines=0	first=-
2026-08-03T13:11:52	session=57ddcec7	pid=-	mode=off	action=out_of_scope	lines=0	first=-
2026-08-03T13:12:23	session=397bf7d3	pid=-	mode=off	action=out_of_scope	lines=0	first=-
2026-08-03T13:12:51	session=27edc1cb	pid=-	mode=off	action=out_of_scope	lines=0	first=-
2026-08-03T13:13:16	session=502333b1	pid=-	mode=off	action=out_of_scope	lines=0	first=-
2026-08-03T13:13:17	session=90998fcc	pid=-	mode=off	action=out_of_scope	lines=0	first=-
2026-08-03T13:13:36	session=9f009a30	pid=-	mode=off	action=out_of_scope	lines=0	first=-
2026-08-03T13:13:45	session=9cdfa4e6	pid=-	mode=off	action=out_of_scope	lines=0	first=-
2026-08-03T13:13:55	session=ed322d3c	pid=-	mode=off	action=out_of_scope	lines=0	first=-
2026-08-03T13:14:05	session=71aac6f3	pid=-	mode=off	action=out_of_scope	lines=0	first=-
2026-08-03T13:14:20	session=9fb1d44b	pid=-	mode=off	action=out_of_scope	lines=0	first=-
2026-08-03T13:14:32	session=86efcabd	pid=-	mode=off	action=out_of_scope	lines=0	first=-
2026-08-03T13:14:56	session=9f009a30	pid=-	mode=off	action=out_of_scope	lines=0	first=-
2026-08-03T13:15:03	session=9f009a30	pid=-	mode=off	action=out_of_scope	lines=0	first=-
2026-08-03T13:15:10	session=9f009a30	pid=-	mode=off	action=out_of_scope	lines=0	first=-
2026-08-03T13:15:25	session=001dc4dc	pid=-	mode=off	action=out_of_scope	lines=0	first=-
2026-08-03T13:15:43	session=956b80c2	pid=-	mode=off	action=out_of_scope	lines=0	first=-
2026-08-03T13:16:06	session=86a55c13	pid=-	mode=off	action=out_of_scope	lines=0	first=-
2026-08-03T13:16:35	session=291f3461	pid=-	mode=off	action=out_of_scope	lines=0	first=-
2026-08-03T13:16:37	session=9f009a30	pid=-	mode=off	action=out_of_scope	lines=0	first=-
2026-08-03T13:16:42	session=7b64b3d7	pid=-	mode=off	action=out_of_scope	lines=0	first=-
2026-08-03T13:17:08	session=485df846	pid=-	mode=off	action=out_of_scope	lines=0	first=-
2026-08-03T13:21:37	session=9f009a30	pid=-	mode=off	action=out_of_scope	lines=0	first=-
2026-08-03T21:59:09	session=9f009a30	pid=-	mode=off	action=out_of_scope	lines=0	first=-
2026-08-04T02:59:24	session=9f009a30	pid=-	mode=off	action=out_of_scope	lines=0	first=-
2026-08-04T15:35:48	session=9f009a30	pid=-	mode=off	action=out_of_scope	lines=0	first=-
2026-08-04T15:51:49	session=9f009a30	pid=-	mode=off	action=out_of_scope	lines=0	first=-
2026-08-04T16:32:52	session=9f009a30	pid=-	mode=off	action=out_of_scope	lines=0	first=-
2026-08-04T17:02:32	session=dc8173ad	pid=0ff79e9f-c728-4c80-ada2-28c3f7fe191f	mode=repo	action=yellow:prose	lines=2	first=DATS done. Fixed 8 file(s).
2026-08-04T17:07:37	session=9f009a30	pid=-	mode=off	action=out_of_scope	lines=0	first=-
2026-08-04T17:09:55	session=9f009a30	pid=-	mode=off	action=out_of_scope	lines=0	first=-
2026-08-04T17:10:45	session=9f009a30	pid=-	mode=off	action=out_of_scope	lines=0	first=-
2026-08-04T17:14:49	session=9f009a30	pid=-	mode=off	action=out_of_scope	lines=0	first=-
2026-08-04T17:25:57	session=9f009a30	pid=-	mode=off	action=out_of_scope	lines=0	first=-
2026-08-04T17:27:34	session=9f009a30	pid=-	mode=off	action=out_of_scope	lines=0	first=-
2026-08-04T17:36:04	session=9f009a30	pid=-	mode=off	action=out_of_scope	lines=0	first=-
2026-08-04T17:40:37	session=7c59bb12	pid=33ed91ee-da11-4f17-8671-b6ebca51ba42	mode=repo	action=yellow:prose	lines=1	first=Awaiting SA workflow return (per `#m1`).
2026-08-04T17:42:05	session=ca8c4e15	pid=c454e808-305b-4c63-97f7-2c2f2d1016c0	mode=repo	action=yellow:prose	lines=2	first=Now appending my 3 entries.
2026-08-04T17:44:58	session=7c59bb12	pid=8471851a-102f-4f09-80dc-6cc15499c21c	mode=repo	action=yellow:prose	lines=3	first=Awaiting SA workflow return (per `#m1`).
2026-08-04T17:46:47	session=dc8173ad	pid=62e6429e-080e-4c3d-a4b1-c242340b8e57	mode=repo	action=clean	lines=0	first=-
2026-08-04T17:52:10	session=7c59bb12	pid=8bc63c51-5e4c-4de8-8da2-876c1fed17f1	mode=repo	action=yellow:prose	lines=4	first=Now update §5 test plan and §6 uncertainty/methodology notes to reflect the CIC pass.
2026-08-04T17:54:40	session=15128495	pid=dad375cc-b02e-4f93-b6a5-ed09feaa5a59	mode=repo	action=clean	lines=0	first=-
2026-08-04T17:59:10	session=f5f419b4	pid=a8587095-d8f4-4f13-8a6a-7ca1bbfe5e5b	mode=repo	action=clean	lines=0	first=-
2026-08-04T18:10:26	session=4012b5b0	pid=f2bd9b2b-cfab-4559-9b29-4567bb5e7bfe	mode=repo	action=clean	lines=0	first=-
2026-08-04T18:53:50	session=4012b5b0	pid=ef515fb4-9324-4dbc-9550-a278b9e9217b	mode=repo	action=clean	lines=0	first=-
2026-08-04T18:54:14	session=9f009a30	pid=-	mode=off	action=out_of_scope	lines=0	first=-
2026-08-04T19:24:12	session=9f009a30	pid=-	mode=off	action=out_of_scope	lines=0	first=-
2026-08-04T19:27:21	session=9f009a30	pid=-	mode=off	action=out_of_scope	lines=0	first=-
2026-08-04T20:32:33	session=9f009a30	pid=-	mode=off	action=out_of_scope	lines=0	first=-
2026-08-04T20:33:42	session=7c59bb12	pid=2709c295-aee4-485a-a5ba-d55d7d6e6fc0	mode=repo	action=yellow:prose	lines=1	first=Awaiting SA/CIC workflow return (per `#m1`).
2026-08-04T20:37:30	session=4012b5b0	pid=41b3c97e-d87d-4b51-b083-368215087567	mode=repo	action=clean:dot	lines=0	first=-
2026-08-04T20:42:01	session=4012b5b0	pid=299bde52-e741-44f0-89bc-d59c35c7ab1d	mode=repo	action=clean:dot	lines=0	first=-
2026-08-04T20:46:34	session=9f009a30	pid=-	mode=off	action=out_of_scope	lines=0	first=-
2026-08-04T20:50:37	session=7c59bb12	pid=8915cad8-4369-4ebe-8f1c-a110914e102f	mode=repo	action=yellow:prose	lines=2	first=Awaiting SA/CIC workflow return (per `#m1`).
2026-08-04T20:58:05	session=4012b5b0	pid=bda59a45-07ef-463c-b912-c924f0f70271	mode=repo	action=yellow:prose	lines=2	first=.
2026-08-04T21:21:17	session=9f009a30	pid=-	mode=off	action=out_of_scope	lines=0	first=-
2026-08-04T21:48:07	session=fec61349	pid=8f17ad88-bd7b-4dfd-b1c1-2d1db0d6f35f	mode=repo	action=yellow:prose	lines=3	first=The pairing reminder just fired on its first real query — that is the third live proof this session.
2026-08-04T21:51:25	session=fec61349	pid=ca958f16-ba23-4386-a198-cc5f01265562	mode=repo	action=yellow:prose	lines=5	first=The pairing reminder just fired on its first real query — that is the third live proof this session.
2026-08-04T21:52:50	session=fec61349	pid=05282a0d-e48b-4791-811d-68a9068c1f8b	mode=repo	action=clean:dot	lines=0	first=-
2026-08-04T21:54:03	session=fec61349	pid=5461d1ac-78a6-442a-86b6-a11b65fc001c	mode=repo	action=yellow:prose	lines=3	first=.
2026-08-04T21:56:07	session=9f009a30	pid=-	mode=off	action=out_of_scope	lines=0	first=-
2026-08-04T22:03:59	session=fec61349	pid=0d8e71bd-1855-41cb-8f8b-85e870dd948a	mode=repo	action=yellow:prose	lines=4	first=.
2026-08-05T02:23:04	session=4012b5b0	pid=553fd2ce-62df-44a8-aa08-8a6162983e3a	mode=repo	action=clean:dot	lines=0	first=-
2026-08-05T02:33:52	session=4012b5b0	pid=0b906d85-e1a4-4a9d-8a10-68f787498ca2	mode=repo	action=yellow:prose	lines=1	first=.
2026-08-05T02:35:05	session=7c59bb12	pid=22f97f6e-d1af-4393-93dc-a6874ce8ce69	mode=repo	action=clean	lines=0	first=-
2026-08-05T04:04:35	session=4012b5b0	pid=bd2a6a18-b19e-4f0e-b88b-d19de43ef7fc	mode=repo	action=clean	lines=0	first=-
2026-08-05T04:12:08	session=4012b5b0	pid=1be45d96-5d84-4e37-971a-bbfe548aadc5	mode=repo	action=yellow:prose	lines=1	first=.
2026-08-05T04:27:55	session=4012b5b0	pid=bfa061dd-a29b-4a99-b716-72e4f7e80f66	mode=repo	action=exempt:yn	lines=1	first=Yes
2026-08-05T15:17:06	session=261edff1	pid=c5a85b6a-44ba-461a-b98f-ecb402dcd452	mode=reader	action=clean:dot_reader	lines=0	first=-
2026-08-05T20:07:01	session=hookbudg	pid=fee13a2e-9c9b-4a70-a553-930df3402948	mode=repo	action=clean	lines=0	first=-
2026-08-05T20:07:01	session=hookbudg	pid=fee13a2e-9c9b-4a70-a553-930df3402948	mode=repo	action=clean	lines=0	first=-
2026-08-05T20:07:01	session=hookbudg	pid=fee13a2e-9c9b-4a70-a553-930df3402948	mode=repo	action=clean	lines=0	first=-
2026-08-05T20:07:01	session=hookbudg	pid=fee13a2e-9c9b-4a70-a553-930df3402948	mode=repo	action=clean	lines=0	first=-
2026-08-05T20:07:01	session=hookbudg	pid=fee13a2e-9c9b-4a70-a553-930df3402948	mode=repo	action=clean	lines=0	first=-
2026-08-05T20:07:01	session=hookbudg	pid=fee13a2e-9c9b-4a70-a553-930df3402948	mode=repo	action=clean	lines=0	first=-
2026-08-05T20:07:02	session=hookbudg	pid=fee13a2e-9c9b-4a70-a553-930df3402948	mode=repo	action=clean	lines=0	first=-
2026-08-05T20:07:02	session=hookbudg	pid=fee13a2e-9c9b-4a70-a553-930df3402948	mode=repo	action=clean	lines=0	first=-
2026-08-05T20:07:02	session=hookbudg	pid=fee13a2e-9c9b-4a70-a553-930df3402948	mode=repo	action=clean	lines=0	first=-
2026-08-05T20:07:13	session=fec61349	pid=f205686f-619e-48a1-89cf-316a484354ec	mode=repo	action=yellow:prose	lines=3	first=mlint is alive — it has been firing unaided across other sessions. Reading the query.
2026-08-05T20:08:23	session=hookbudg	pid=fee13a2e-9c9b-4a70-a553-930df3402948	mode=repo	action=clean	lines=0	first=-
2026-08-05T20:08:24	session=hookbudg	pid=fee13a2e-9c9b-4a70-a553-930df3402948	mode=repo	action=clean	lines=0	first=-
2026-08-05T20:08:24	session=hookbudg	pid=fee13a2e-9c9b-4a70-a553-930df3402948	mode=repo	action=clean	lines=0	first=-
2026-08-05T20:08:24	session=hookbudg	pid=fee13a2e-9c9b-4a70-a553-930df3402948	mode=repo	action=clean	lines=0	first=-
2026-08-05T20:08:24	session=hookbudg	pid=fee13a2e-9c9b-4a70-a553-930df3402948	mode=repo	action=clean	lines=0	first=-
2026-08-05T20:08:24	session=hookbudg	pid=fee13a2e-9c9b-4a70-a553-930df3402948	mode=repo	action=clean	lines=0	first=-
2026-08-05T20:08:25	session=hookbudg	pid=fee13a2e-9c9b-4a70-a553-930df3402948	mode=repo	action=clean	lines=0	first=-
2026-08-05T20:08:25	session=hookbudg	pid=fee13a2e-9c9b-4a70-a553-930df3402948	mode=repo	action=clean	lines=0	first=-
2026-08-05T20:08:25	session=hookbudg	pid=fee13a2e-9c9b-4a70-a553-930df3402948	mode=repo	action=clean	lines=0	first=-
2026-08-05T20:13:23	session=fec61349	pid=8394c820-0860-45f2-9ca4-334ce2972d7e	mode=repo	action=yellow:prose	lines=5	first=mlint is alive — it has been firing unaided across other sessions. Reading the query.
2026-08-05T20:15:38	session=fec61349	pid=8672b55b-d4b8-418e-8139-4a10013dee89	mode=repo	action=yellow:prose	lines=6	first=mlint is alive — it has been firing unaided across other sessions. Reading the query.
2026-08-05T20:19:44	session=hkprobe-	pid=fee13a2e-9c9b-4a70-a553-930df3402948	mode=repo	action=clean	lines=0	first=-
2026-08-05T20:19:44	session=hkprobe-	pid=fee13a2e-9c9b-4a70-a553-930df3402948	mode=repo	action=clean	lines=0	first=-
2026-08-05T20:19:44	session=hkprobe-	pid=fee13a2e-9c9b-4a70-a553-930df3402948	mode=repo	action=clean	lines=0	first=-
2026-08-05T20:19:44	session=hkprobe-	pid=fee13a2e-9c9b-4a70-a553-930df3402948	mode=repo	action=clean	lines=0	first=-
2026-08-05T20:19:44	session=hkprobe-	pid=fee13a2e-9c9b-4a70-a553-930df3402948	mode=repo	action=clean	lines=0	first=-
2026-08-05T20:19:45	session=hkprobe-	pid=fee13a2e-9c9b-4a70-a553-930df3402948	mode=repo	action=clean	lines=0	first=-
2026-08-05T20:19:45	session=hkprobe-	pid=fee13a2e-9c9b-4a70-a553-930df3402948	mode=repo	action=clean	lines=0	first=-
2026-08-05T20:20:52	session=fec61349	pid=5fbe5911-725f-4bfe-a4ad-dcc1bcc1ff0a	mode=repo	action=yellow:prose	lines=7	first=mlint is alive — it has been firing unaided across other sessions. Reading the query.
2026-08-05T20:23:58	session=fec61349	pid=c1cf0e1a-2350-4e16-b62f-b62b5f812638	mode=repo	action=yellow:prose	lines=9	first=mlint is alive — it has been firing unaided across other sessions. Reading the query.
2026-08-05T20:29:00	session=fec61349	pid=b1aacd0a-1bf3-4d5b-aee3-d639456ae116	mode=repo	action=yellow:prose	lines=10	first=mlint is alive — it has been firing unaided across other sessions. Reading the query.
2026-08-05T20:40:34	session=fbdaee73	pid=fee13a2e-9c9b-4a70-a553-930df3402948	mode=repo	action=clean	lines=0	first=-
2026-08-05T20:40:34	session=f61c16f4	pid=fee13a2e-9c9b-4a70-a553-930df3402948	mode=repo	action=clean	lines=0	first=-
2026-08-05T20:40:34	session=a1a28540	pid=fee13a2e-9c9b-4a70-a553-930df3402948	mode=repo	action=clean	lines=0	first=-
2026-08-05T20:40:35	session=ccd5a516	pid=fee13a2e-9c9b-4a70-a553-930df3402948	mode=repo	action=clean	lines=0	first=-
2026-08-05T20:40:35	session=b401b7ff	pid=fee13a2e-9c9b-4a70-a553-930df3402948	mode=repo	action=clean	lines=0	first=-
2026-08-05T20:40:35	session=057cd488	pid=fee13a2e-9c9b-4a70-a553-930df3402948	mode=repo	action=clean	lines=0	first=-
2026-08-05T20:40:35	session=3c088cf4	pid=fee13a2e-9c9b-4a70-a553-930df3402948	mode=repo	action=clean	lines=0	first=-
2026-08-05T20:42:28	session=fec61349	pid=77af0778-a3dd-4fa5-8a35-204b4d01976b	mode=repo	action=yellow:prose	lines=12	first=mlint is alive — it has been firing unaided across other sessions. Reading the query.
2026-08-05T21:21:19	session=4012b5b0	pid=5f3ff285-b837-47a3-a1ff-b832e18c27f0	mode=repo	action=clean:dot	lines=0	first=-
2026-08-05T21:32:38	session=4012b5b0	pid=9dbb838b-2c81-42df-a6d1-5eb98e35d3b5	mode=repo	action=yellow:prose	lines=1	first=.
2026-08-05T23:26:03	session=fec61349	pid=5403f198-74ea-4673-b64f-a493228405fa	mode=repo	action=yellow:prose	lines=3	first=`#m1 #sprint FOF` — dispatching first, thoughts at the end per m1's order.
2026-08-05T23:34:45	session=fec61349	pid=60f270db-0d1b-4e72-a8b4-b4cf20f6184b	mode=repo	action=yellow:prose	lines=7	first=`#m1 #sprint FOF` — dispatching first, thoughts at the end per m1's order.
2026-08-05T23:35:59	session=fec61349	pid=1eed0472-0970-420f-89c9-22ab00ddd700	mode=repo	action=yellow:prose	lines=8	first=`#m1 #sprint FOF` — dispatching first, thoughts at the end per m1's order.
2026-08-05T23:40:58	session=fec61349	pid=7cc231a0-fd19-4749-9b26-2f4e257cb7d1	mode=repo	action=yellow:prose	lines=10	first=`#m1 #sprint FOF` — dispatching first, thoughts at the end per m1's order.
2026-08-05T23:43:22	session=fec61349	pid=5957bf6b-b760-4171-ada4-459d103c9ed2	mode=repo	action=yellow:prose	lines=13	first=`#m1 #sprint FOF` — dispatching first, thoughts at the end per m1's order.
2026-08-05T23:54:26	session=fec61349	pid=5eda003a-5146-493d-89f8-820af386c6f9	mode=repo	action=yellow:prose	lines=14	first=`#m1 #sprint FOF` — dispatching first, thoughts at the end per m1's order.
2026-08-06T04:30:12	session=4012b5b0	pid=fab442fc-789e-4bf1-b19a-c744945aaed6	mode=repo	action=clean	lines=0	first=-
2026-08-06T13:44:16	session=261edff1	pid=a7fd6df7-fe5e-4c4b-8042-49c155d01458	mode=reader	action=clean:dot_reader	lines=0	first=-
2026-08-06T17:44:33	session=4012b5b0	pid=ac36c257-6bfa-40fe-ad68-37c5e4e5c348	mode=repo	action=clean:dot	lines=0	first=-
2026-08-06T17:51:32	session=4012b5b0	pid=1199fa50-8736-4903-9889-00d4d962b303	mode=repo	action=yellow:prose	lines=1	first=.
2026-08-06T18:43:16	session=012842c4	pid=-	mode=off	action=out_of_scope	lines=0	first=-
2026-08-06T18:48:47	session=9f009a30	pid=-	mode=off	action=out_of_scope	lines=0	first=-
2026-08-06T19:01:05	session=3261bee3	pid=-	mode=off	action=out_of_scope	lines=0	first=-
2026-08-06T23:52:52	session=261edff1	pid=9e940d48-1eef-4743-a453-e3d25f282ac6	mode=reader	action=clean	lines=0	first=-
2026-08-07T00:31:39	session=4012b5b0	pid=30ba5db4-8a57-4e4f-960b-16de2e9cf34b	mode=repo	action=clean:dot	lines=0	first=-
2026-08-07T00:44:30	session=4012b5b0	pid=487ed733-8207-4d08-b3e2-b4923a218356	mode=repo	action=yellow:prose	lines=1	first=.
2026-08-07T03:04:33	session=fec61349	pid=48f16a2d-eb54-4e61-8d5e-43e38cd6b1b3	mode=repo	action=yellow:prose	lines=3	first=Context is tight, so I'll dispatch the heavy work and keep my own footprint small.
2026-08-07T03:12:13	session=fec61349	pid=8188e533-aefc-4591-abe4-1d16ba9b3f7f	mode=repo	action=yellow:prose	lines=5	first=Context is tight, so I'll dispatch the heavy work and keep my own footprint small.
2026-08-07T03:13:31	session=fec61349	pid=d6777e70-1113-40c4-8e10-b74e9f1e53e9	mode=repo	action=yellow:prose	lines=5	first=Context is tight, so I'll dispatch the heavy work and keep my own footprint small.
2026-08-07T03:19:53	session=fec61349	pid=114b60e4-96e8-4354-90aa-cd0be639b266	mode=repo	action=yellow:prose	lines=7	first=Context is tight, so I'll dispatch the heavy work and keep my own footprint small.
2026-08-07T03:33:56	session=fec61349	pid=f4474fd3-ccce-4c7e-9f50-3e84e141148c	mode=repo	action=yellow:prose	lines=9	first=Context is tight, so I'll dispatch the heavy work and keep my own footprint small.
2026-08-07T04:15:53	session=eaccd7dc	pid=79195d95-5b35-4ab1-8c52-947422873542	mode=repo	action=clean:dot	lines=0	first=-
2026-08-07T04:19:19	session=eaccd7dc	pid=6a1967e5-74c9-4c92-bee8-43386cb051ae	mode=repo	action=exempt:override	lines=3	first=.
2026-08-07T04:25:14	session=eaccd7dc	pid=a585ad1e-a42b-4e14-9b7d-f7ce78897cad	mode=repo	action=clean	lines=0	first=-
2026-08-07T04:50:40	session=0b6a0a90	pid=9ba68dcc-6880-49ae-a20a-5f7259c20053	mode=repo	action=yellow:prose	lines=7	first=Confirmed: the hook's banner appears **nowhere** in the transcript — it never fired. Dispatching.
2026-08-07T04:59:01	session=0b6a0a90	pid=9ba68dcc-6880-49ae-a20a-5f7259c20053	mode=repo	action=yellow:prose	lines=1	first=Both verifiers confirm the fix but refute two of my own claims. Correcting them.
2026-08-07T05:05:21	session=0b6a0a90	pid=291eb037-4ed6-438b-bca6-17334b93fe86	mode=repo	action=clean	lines=0	first=-
2026-08-07T05:06:15	session=unknown	pid=-	mode=-	action=no_stdin	lines=0	first=-
2026-08-07T05:06:15	session=probe	pid=-	mode=repo	action=no_transcript	lines=0	first=-
2026-08-07T05:14:16	session=0b6a0a90	pid=0244c76e-ac7f-447a-a44d-3ec539f81166	mode=repo	action=yellow:prose	lines=2	first=Dispatching Fable SAs on the post-compaction mechanism — including one lead I should have chased myself: `PreCompact` returns `newCustomInstructions`, which *is* model-facing.
2026-08-07T05:17:32	session=unknown	pid=-	mode=repo	action=no_transcript	lines=0	first=-
2026-08-07T05:17:32	session=unknown	pid=-	mode=-	action=no_stdin	lines=0	first=-
2026-08-07T05:17:32	session=cap00001	pid=-	mode=repo	action=no_transcript	lines=0	first=-
2026-08-07T05:17:33	session=cap00002	pid=-	mode=repo	action=no_transcript	lines=0	first=-
2026-08-07T05:17:33	session=cap00003	pid=-	mode=repo	action=no_transcript	lines=0	first=-
2026-08-07T05:17:33	session=cap00004	pid=-	mode=repo	action=no_transcript	lines=0	first=-
2026-08-07T05:17:33	session=cap00005	pid=-	mode=repo	action=no_transcript	lines=0	first=-
2026-08-07T05:17:33	session=cap00006	pid=-	mode=repo	action=no_transcript	lines=0	first=-
2026-08-07T05:17:33	session=cap00007	pid=ef515fb4-9324-4dbc-9550-a278b9e9217b	mode=repo	action=clean	lines=0	first=-
2026-08-07T05:17:33	session=cap00008	pid=-	mode=repo	action=no_transcript	lines=0	first=-
2026-08-07T05:17:47	session=unknown	pid=-	mode=repo	action=no_transcript	lines=0	first=-
2026-08-07T05:17:47	session=unknown	pid=-	mode=-	action=no_stdin	lines=0	first=-
2026-08-07T05:17:47	session=cap00001	pid=-	mode=repo	action=no_transcript	lines=0	first=-
2026-08-07T05:17:47	session=cap00002	pid=-	mode=repo	action=no_transcript	lines=0	first=-
2026-08-07T05:17:47	session=cap00003	pid=-	mode=repo	action=no_transcript	lines=0	first=-
2026-08-07T05:17:47	session=cap00004	pid=-	mode=repo	action=no_transcript	lines=0	first=-
2026-08-07T05:17:47	session=cap00005	pid=-	mode=repo	action=no_transcript	lines=0	first=-
2026-08-07T05:17:48	session=cap00006	pid=-	mode=repo	action=no_transcript	lines=0	first=-
2026-08-07T05:17:48	session=cap00007	pid=ef515fb4-9324-4dbc-9550-a278b9e9217b	mode=repo	action=clean	lines=0	first=-
2026-08-07T05:17:48	session=cap00008	pid=-	mode=repo	action=no_transcript	lines=0	first=-
2026-08-07T05:18:21	session=unknown	pid=-	mode=repo	action=no_transcript	lines=0	first=-
2026-08-07T05:18:21	session=unknown	pid=-	mode=-	action=no_stdin	lines=0	first=-
2026-08-07T05:18:21	session=b1cap000	pid=-	mode=repo	action=no_transcript	lines=0	first=-
2026-08-07T05:18:21	session=b1cap000	pid=-	mode=repo	action=no_transcript	lines=0	first=-
2026-08-07T05:18:21	session=b1cap000	pid=-	mode=repo	action=no_transcript	lines=0	first=-
2026-08-07T05:18:21	session=b1cap000	pid=-	mode=repo	action=no_transcript	lines=0	first=-
2026-08-07T05:18:21	session=b1cap000	pid=-	mode=repo	action=no_transcript	lines=0	first=-
2026-08-07T05:18:21	session=b1cap000	pid=-	mode=repo	action=no_transcript	lines=0	first=-
2026-08-07T05:18:21	session=b1cap000	pid=ef515fb4-9324-4dbc-9550-a278b9e9217b	mode=repo	action=clean	lines=0	first=-
2026-08-07T05:18:21	session=b1cap000	pid=-	mode=repo	action=no_transcript	lines=0	first=-
2026-08-07T05:18:27	session=unknown	pid=-	mode=repo	action=no_transcript	lines=0	first=-
2026-08-07T05:18:27	session=unknown	pid=-	mode=-	action=no_stdin	lines=0	first=-
2026-08-07T05:18:27	session=b2cap000	pid=-	mode=repo	action=no_transcript	lines=0	first=-
2026-08-07T05:18:27	session=b2cap000	pid=-	mode=repo	action=no_transcript	lines=0	first=-
2026-08-07T05:18:27	session=b2cap000	pid=-	mode=repo	action=no_transcript	lines=0	first=-
2026-08-07T05:18:27	session=b2cap000	pid=-	mode=repo	action=no_transcript	lines=0	first=-
2026-08-07T05:18:27	session=b2cap000	pid=-	mode=repo	action=no_transcript	lines=0	first=-
2026-08-07T05:18:27	session=b2cap000	pid=-	mode=repo	action=no_transcript	lines=0	first=-
2026-08-07T05:18:27	session=b2cap000	pid=ef515fb4-9324-4dbc-9550-a278b9e9217b	mode=repo	action=clean	lines=0	first=-
2026-08-07T05:18:27	session=b2cap000	pid=-	mode=repo	action=no_transcript	lines=0	first=-
2026-08-07T05:22:30	session=unknown	pid=-	mode=-	action=no_stdin	lines=0	first=-
2026-08-07T05:22:30	session=probe	pid=-	mode=repo	action=no_transcript	lines=0	first=-
2026-08-07T05:22:58	session=0b6a0a90	pid=e8741a55-f236-4f5c-a8c8-0ae7e3c3cab3	mode=repo	action=clean:dot	lines=0	first=-
2026-08-07T05:24:07	session=unknown	pid=-	mode=repo	action=no_transcript	lines=0	first=-
2026-08-07T05:24:07	session=unknown	pid=-	mode=-	action=no_stdin	lines=0	first=-
2026-08-07T05:24:07	session=a1cap000	pid=-	mode=repo	action=no_transcript	lines=0	first=-
2026-08-07T05:24:07	session=a1cap000	pid=-	mode=repo	action=no_transcript	lines=0	first=-
2026-08-07T05:24:07	session=a1cap000	pid=-	mode=repo	action=no_transcript	lines=0	first=-
2026-08-07T05:24:07	session=a1cap000	pid=-	mode=repo	action=no_transcript	lines=0	first=-
2026-08-07T05:24:07	session=a1cap000	pid=-	mode=repo	action=no_transcript	lines=0	first=-
2026-08-07T05:24:07	session=a1cap000	pid=-	mode=repo	action=no_transcript	lines=0	first=-
2026-08-07T05:24:07	session=a1cap000	pid=ef515fb4-9324-4dbc-9550-a278b9e9217b	mode=repo	action=clean	lines=0	first=-
2026-08-07T05:24:07	session=a1cap000	pid=-	mode=repo	action=no_transcript	lines=0	first=-
2026-08-07T05:24:18	session=3261bee3	pid=-	mode=off	action=out_of_scope	lines=0	first=-
2026-08-07T05:24:29	session=0b6a0a90	pid=02d159ca-ec4a-46e1-b24d-2bf7d45ef783	mode=repo	action=yellow:prose	lines=1	first=Draft clean. Four agents still in flight; nothing further to do until they land.
2026-08-07T05:27:39	session=guardsui	pid=-	mode=repo	action=no_transcript	lines=0	first=-
2026-08-07T05:27:40	session=unknown	pid=-	mode=repo	action=no_transcript	lines=0	first=-
2026-08-07T05:28:24	session=0b6a0a90	pid=5b802faf-dbbf-4197-b158-618027e5b29c	mode=repo	action=yellow:prose	lines=3	first=Draft clean. Four agents still in flight; nothing further to do until they land.
2026-08-07T05:28:36	session=guardsui	pid=-	mode=repo	action=no_transcript	lines=0	first=-
2026-08-07T05:28:37	session=unknown	pid=-	mode=repo	action=no_transcript	lines=0	first=-
2026-08-07T05:29:12	session=guardsui	pid=-	mode=repo	action=no_transcript	lines=0	first=-
2026-08-07T05:29:13	session=unknown	pid=-	mode=repo	action=no_transcript	lines=0	first=-
2026-08-07T05:29:39	session=guardsui	pid=-	mode=repo	action=no_transcript	lines=0	first=-
2026-08-07T05:29:40	session=unknown	pid=-	mode=repo	action=no_transcript	lines=0	first=-
2026-08-07T05:30:57	session=guardsui	pid=-	mode=repo	action=no_transcript	lines=0	first=-
2026-08-07T05:30:58	session=unknown	pid=-	mode=repo	action=no_transcript	lines=0	first=-
2026-08-07T05:34:27	session=0b6a0a90	pid=1445c9fa-4f89-48f3-ac39-0af4a0df8bde	mode=repo	action=clean	lines=0	first=-
2026-08-07T05:35:29	session=guardsui	pid=-	mode=repo	action=no_transcript	lines=0	first=-
2026-08-07T05:35:30	session=unknown	pid=-	mode=repo	action=no_transcript	lines=0	first=-
