2026-08-04T21:50:22	session=fec61349-1d3d-4508-9a15-73719aab002d	stage=fired	pairs=0	triggers=ww,numbered,wrap,sprint,cic
2026-08-04T21:51:44	session=fec61349-1d3d-4508-9a15-73719aab002d	stage=silent	pairs=0	triggers=-
2026-08-04T21:52:09	session=9f009a30-e3db-46cb-9ca7-53e737fd82ad	stage=silent	pairs=0	triggers=-
2026-08-04T21:53:04	session=fec61349-1d3d-4508-9a15-73719aab002d	stage=fired	pairs=0	triggers=cic,m1,wrap,numbered
2026-08-04T21:58:20	session=scopetest	stage=fired	pairs=0	triggers=buy
2026-08-04T21:58:20	session=scopetest	stage=fired	pairs=0	triggers=buy
2026-08-04T21:58:20	session=scopetest	stage=fired	pairs=0	triggers=buy
2026-08-04T21:58:20	session=scopetest	stage=fired	pairs=0	triggers=buy
2026-08-04T22:00:31	session=fec61349-1d3d-4508-9a15-73719aab002d	stage=fired	pairs=0	triggers=m2,numbered,cic,sprint,wrap
2026-08-04T22:02:16	session=scopetest	stage=fired	pairs=0	triggers=buy
2026-08-04T22:02:16	session=scopetest	stage=fired	pairs=0	triggers=buy
2026-08-04T22:02:16	session=scopetest	stage=fired	pairs=0	triggers=buy
2026-08-04T22:02:16	session=scopetest	stage=fired	pairs=0	triggers=buy
2026-08-05T02:09:31	session=4012b5b0-2e36-4156-ac04-69e83839a3f2	stage=fired	pairs=1	triggers=cic,m2
2026-08-05T02:27:23	session=7c59bb12-8403-4864-af5e-c588944f7db6	stage=fired	pairs=0	triggers=cic,m1
2026-08-05T02:28:25	session=4012b5b0-2e36-4156-ac04-69e83839a3f2	stage=silent	pairs=0	triggers=-
2026-08-05T03:54:00	session=4012b5b0-2e36-4156-ac04-69e83839a3f2	stage=fired	pairs=1	triggers=cic,m1,sprint
2026-08-05T04:07:28	session=4012b5b0-2e36-4156-ac04-69e83839a3f2	stage=silent	pairs=0	triggers=-
2026-08-05T04:27:40	session=4012b5b0-2e36-4156-ac04-69e83839a3f2	stage=silent	pairs=0	triggers=-
2026-08-05T15:17:02	session=261edff1-27c2-4ab7-8e08-de3c048be608	stage=silent	pairs=0	triggers=-
2026-08-05T19:56:52	session=fec61349-1d3d-4508-9a15-73719aab002d	stage=fired	pairs=1	triggers=numbered,coding,m2,cic,m1
2026-08-05T20:07:00	session=hookbudget-probe-0000	stage=fired	pairs=1	triggers=cic,writing,coding,numbered,shrink,google
2026-08-05T20:07:00	session=hookbudget-probe-0000	stage=fired	pairs=1	triggers=cic,writing,coding,numbered,shrink,google
2026-08-05T20:07:00	session=hookbudget-probe-0000	stage=fired	pairs=1	triggers=cic,writing,coding,numbered,shrink,google
2026-08-05T20:07:00	session=hookbudget-probe-0000	stage=fired	pairs=1	triggers=cic,writing,coding,numbered,shrink,google
2026-08-05T20:07:00	session=hookbudget-probe-0000	stage=fired	pairs=1	triggers=cic,writing,coding,numbered,shrink,google
2026-08-05T20:07:00	session=hookbudget-probe-0000	stage=fired	pairs=1	triggers=cic,writing,coding,numbered,shrink,google
2026-08-05T20:07:00	session=hookbudget-probe-0000	stage=fired	pairs=1	triggers=cic,writing,coding,numbered,shrink,google
2026-08-05T20:07:00	session=hookbudget-probe-0000	stage=fired	pairs=1	triggers=cic,writing,coding,numbered,shrink,google
2026-08-05T20:07:00	session=hookbudget-probe-0000	stage=fired	pairs=1	triggers=cic,writing,coding,numbered,shrink,google
2026-08-05T20:08:23	session=hookbudget-probe-0000	stage=fired	pairs=1	triggers=cic,writing,coding,numbered,shrink,google
2026-08-05T20:08:23	session=hookbudget-probe-0000	stage=fired	pairs=1	triggers=cic,writing,coding,numbered,shrink,google
2026-08-05T20:08:23	session=hookbudget-probe-0000	stage=fired	pairs=1	triggers=cic,writing,coding,numbered,shrink,google
2026-08-05T20:08:23	session=hookbudget-probe-0000	stage=fired	pairs=1	triggers=cic,writing,coding,numbered,shrink,google
2026-08-05T20:08:23	session=hookbudget-probe-0000	stage=fired	pairs=1	triggers=cic,writing,coding,numbered,shrink,google
2026-08-05T20:08:23	session=hookbudget-probe-0000	stage=fired	pairs=1	triggers=cic,writing,coding,numbered,shrink,google
2026-08-05T20:08:23	session=hookbudget-probe-0000	stage=fired	pairs=1	triggers=cic,writing,coding,numbered,shrink,google
2026-08-05T20:08:23	session=hookbudget-probe-0000	stage=fired	pairs=1	triggers=cic,writing,coding,numbered,shrink,google
2026-08-05T20:08:23	session=hookbudget-probe-0000	stage=fired	pairs=1	triggers=cic,writing,coding,numbered,shrink,google
2026-08-05T20:11:11	session=fec61349-1d3d-4508-9a15-73719aab002d	stage=fired	pairs=0	triggers=wrap,numbered
2026-08-05T20:15:04	session=fec61349-1d3d-4508-9a15-73719aab002d	stage=fired	pairs=0	triggers=numbered,wrap,inveng
2026-08-05T20:18:52	session=scopetest	stage=fired	pairs=0	triggers=buy
2026-08-05T20:18:52	session=scopetest	stage=fired	pairs=0	triggers=buy
2026-08-05T20:18:52	session=scopetest	stage=fired	pairs=0	triggers=buy
2026-08-05T20:18:52	session=scopetest	stage=fired	pairs=0	triggers=buy
2026-08-05T20:19:36	session=hkprobe-5548-0	stage=fired	pairs=1	triggers=cic,writing,coding,numbered,shrink,google
2026-08-05T20:19:36	session=hkprobe-6811-1	stage=fired	pairs=1	triggers=cic,writing,coding,numbered,shrink,google
2026-08-05T20:19:36	session=hkprobe-78054-2	stage=fired	pairs=1	triggers=cic,writing,coding,numbered,shrink,google
2026-08-05T20:19:36	session=hkprobe-26306-3	stage=fired	pairs=1	triggers=cic,writing,coding,numbered,shrink,google
2026-08-05T20:19:36	session=hkprobe-1560-4	stage=fired	pairs=1	triggers=cic,writing,coding,numbered,shrink,google
2026-08-05T20:19:36	session=hkprobe-10956-5	stage=fired	pairs=1	triggers=cic,writing,coding,numbered,shrink,google
2026-08-05T20:19:36	session=hkprobe-21285-6	stage=fired	pairs=1	triggers=cic,writing,coding,numbered,shrink,google
2026-08-05T20:20:20	session=fec61349-1d3d-4508-9a15-73719aab002d	stage=fired	pairs=0	triggers=wrap,numbered
2026-08-05T20:22:15	session=fec61349-1d3d-4508-9a15-73719aab002d	stage=fired	pairs=0	triggers=sync,numbered,wrap,sprint
2026-08-05T20:27:14	session=fec61349-1d3d-4508-9a15-73719aab002d	stage=fired	pairs=0	triggers=Plan,wrap,numbered
2026-08-05T20:28:42	session=scopetest	stage=fired	pairs=0	triggers=buy
2026-08-05T20:28:42	session=scopetest	stage=fired	pairs=0	triggers=buy
2026-08-05T20:28:42	session=scopetest	stage=fired	pairs=0	triggers=buy
2026-08-05T20:28:42	session=scopetest	stage=fired	pairs=0	triggers=buy
2026-08-05T20:32:21	session=scopetest	stage=fired	pairs=0	triggers=buy
2026-08-05T20:32:21	session=scopetest	stage=fired	pairs=0	triggers=buy
2026-08-05T20:32:21	session=scopetest	stage=fired	pairs=0	triggers=buy
2026-08-05T20:32:21	session=scopetest	stage=fired	pairs=0	triggers=buy
2026-08-05T20:37:28	session=fec61349-1d3d-4508-9a15-73719aab002d	stage=silent	pairs=0	triggers=-
2026-08-05T20:39:04	session=scopetest	stage=fired	pairs=0	triggers=buy
2026-08-05T20:39:04	session=scopetest	stage=fired	pairs=0	triggers=buy
2026-08-05T20:39:04	session=scopetest	stage=fired	pairs=0	triggers=buy
2026-08-05T20:39:04	session=scopetest	stage=fired	pairs=0	triggers=buy
2026-08-05T20:40:01	session=scopetest	stage=fired	pairs=0	triggers=buy
2026-08-05T20:40:01	session=scopetest	stage=fired	pairs=0	triggers=buy
2026-08-05T20:40:01	session=scopetest	stage=fired	pairs=0	triggers=buy
2026-08-05T20:40:01	session=scopetest	stage=fired	pairs=0	triggers=buy
2026-08-05T20:40:34	session=e24f1317-1b6c-4a93-a53a-b53cb4d61e6c	stage=fired	pairs=0	triggers=m2,wrap
2026-08-05T20:40:34	session=cc72598a-5dea-42e3-8f6a-79e620dfd1a9	stage=fired	pairs=0	triggers=m2,wrap
2026-08-05T20:40:34	session=f4109a89-1137-44a7-982f-49d8713e4f4a	stage=fired	pairs=0	triggers=m2,wrap
2026-08-05T20:40:34	session=81ce58fb-aec4-4dc8-bfea-5c5704a2472a	stage=fired	pairs=0	triggers=m2,wrap
2026-08-05T20:40:34	session=6c9917b4-186d-483c-9135-856ee7817aca	stage=fired	pairs=0	triggers=m2,wrap
2026-08-05T20:40:34	session=b3e1a365-2677-4175-a95e-45353ef1b133	stage=fired	pairs=0	triggers=m2,wrap
2026-08-05T20:40:34	session=7688261e-e868-46f5-8a6a-0a19739ce375	stage=fired	pairs=0	triggers=m2,wrap
2026-08-05T21:13:25	session=4012b5b0-2e36-4156-ac04-69e83839a3f2	stage=fired	pairs=1	triggers=qq,cic,m1
2026-08-05T21:28:29	session=4012b5b0-2e36-4156-ac04-69e83839a3f2	stage=fired	pairs=0	triggers=wrap,numbered
2026-08-05T23:20:34	session=fec61349-1d3d-4508-9a15-73719aab002d	stage=fired	pairs=1	triggers=qq,close,m1,sprint
2026-08-05T23:33:04	session=fec61349-1d3d-4508-9a15-73719aab002d	stage=fired	triggers=wrap,numbered
2026-08-05T23:34:23	session=scopetest	stage=fired	triggers=buy
2026-08-05T23:34:23	session=scopetest	stage=fired	triggers=buy
2026-08-05T23:34:23	session=scopetest	stage=fired	triggers=buy
2026-08-05T23:34:23	session=scopetest	stage=fired	triggers=buy
2026-08-05T23:35:14	session=scopetest	stage=fired	triggers=buy
2026-08-05T23:35:14	session=scopetest	stage=fired	triggers=buy
2026-08-05T23:35:14	session=scopetest	stage=fired	triggers=buy
2026-08-05T23:35:14	session=scopetest	stage=fired	triggers=buy
2026-08-05T23:35:46	session=fec61349-1d3d-4508-9a15-73719aab002d	stage=fired	triggers=numbered,wrap
2026-08-05T23:40:47	session=fec61349-1d3d-4508-9a15-73719aab002d	stage=fired	triggers=wrap,numbered
2026-08-05T23:41:10	session=fec61349-1d3d-4508-9a15-73719aab002d	stage=fired	triggers=wrap,numbered,sprint
2026-08-05T23:42:23	session=scopetest	stage=fired	triggers=buy
2026-08-05T23:42:23	session=scopetest	stage=fired	triggers=buy
2026-08-05T23:42:23	session=scopetest	stage=fired	triggers=buy
2026-08-05T23:42:23	session=scopetest	stage=fired	triggers=buy
2026-08-05T23:43:37	session=scopetest	stage=fired	triggers=buy
2026-08-05T23:43:37	session=scopetest	stage=fired	triggers=buy
2026-08-05T23:43:37	session=scopetest	stage=fired	triggers=buy
2026-08-05T23:43:37	session=scopetest	stage=fired	triggers=buy
2026-08-05T23:46:42	session=scopetest	stage=fired	triggers=buy
2026-08-05T23:46:42	session=scopetest	stage=fired	triggers=buy
2026-08-05T23:46:42	session=scopetest	stage=fired	triggers=buy
2026-08-05T23:46:42	session=scopetest	stage=fired	triggers=buy
2026-08-05T23:49:29	session=fec61349-1d3d-4508-9a15-73719aab002d	stage=fired	triggers=wrap
2026-08-05T23:50:58	session=scopetest	stage=fired	triggers=buy
2026-08-05T23:50:58	session=scopetest	stage=fired	triggers=buy
2026-08-05T23:50:58	session=scopetest	stage=fired	triggers=buy
2026-08-05T23:50:58	session=scopetest	stage=fired	triggers=buy
2026-08-06T04:20:49	session=4012b5b0-2e36-4156-ac04-69e83839a3f2	stage=fired	triggers=qq,m1,sprint
2026-08-06T13:44:11	session=261edff1-27c2-4ab7-8e08-de3c048be608	stage=silent	triggers=-
2026-08-06T17:40:38	session=4012b5b0-2e36-4156-ac04-69e83839a3f2	stage=fired	triggers=m1,sprint
2026-08-06T17:50:02	session=4012b5b0-2e36-4156-ac04-69e83839a3f2	stage=silent	triggers=-
2026-08-06T18:25:00	session=9f009a30-e3db-46cb-9ca7-53e737fd82ad	stage=silent	triggers=-
2026-08-06T18:38:39	session=012842c4-b828-4744-a5d9-3310e1d71d6b	stage=fired	triggers=close
2026-08-06T19:00:10	session=3261bee3-e18d-48ab-8d14-29a524132bba	stage=fired	triggers=ready,wrap,numbered
2026-08-06T19:57:33	session=3261bee3-e18d-48ab-8d14-29a524132bba	stage=silent	triggers=-
2026-08-06T20:26:46	session=3261bee3-e18d-48ab-8d14-29a524132bba	stage=silent	triggers=-
2026-08-06T20:27:28	session=3261bee3-e18d-48ab-8d14-29a524132bba	stage=fired	triggers=wrap,sprint,eng,inveng
2026-08-06T20:37:52	session=3261bee3-e18d-48ab-8d14-29a524132bba	stage=silent	triggers=-
2026-08-06T23:52:50	session=261edff1-27c2-4ab7-8e08-de3c048be608	stage=silent	triggers=-
2026-08-07T00:28:31	session=4012b5b0-2e36-4156-ac04-69e83839a3f2	stage=fired	triggers=cic,m1
2026-08-07T00:41:44	session=4012b5b0-2e36-4156-ac04-69e83839a3f2	stage=silent	triggers=-
2026-08-07T03:01:04	session=fec61349-1d3d-4508-9a15-73719aab002d	stage=fired	triggers=close,m1,sprint
2026-08-07T03:11:56	session=fec61349-1d3d-4508-9a15-73719aab002d	stage=fired	triggers=wrap,numbered,sprint,eng,inveng,cic
2026-08-07T03:13:16	session=fec61349-1d3d-4508-9a15-73719aab002d	stage=fired	triggers=wrap,numbered,replace
2026-08-07T03:14:47	session=scopetest	stage=fired	triggers=buy
2026-08-07T03:14:47	session=scopetest	stage=fired	triggers=buy
2026-08-07T03:14:47	session=scopetest	stage=fired	triggers=buy
2026-08-07T03:14:47	session=scopetest	stage=fired	triggers=buy
2026-08-07T03:17:38	session=scopetest	stage=fired	triggers=buy
2026-08-07T03:17:38	session=scopetest	stage=fired	triggers=buy
2026-08-07T03:17:38	session=scopetest	stage=fired	triggers=buy
2026-08-07T03:17:38	session=scopetest	stage=fired	triggers=buy
2026-08-07T03:19:35	session=fec61349-1d3d-4508-9a15-73719aab002d	stage=fired	triggers=wrap,numbered,cic,sprint
2026-08-07T03:28:10	session=fec61349-1d3d-4508-9a15-73719aab002d	stage=silent	triggers=-
2026-08-07T03:28:58	session=scopetest	stage=fired	triggers=buy
2026-08-07T03:28:58	session=scopetest	stage=fired	triggers=buy
2026-08-07T03:28:58	session=scopetest	stage=fired	triggers=buy
2026-08-07T03:28:58	session=scopetest	stage=fired	triggers=buy
2026-08-07T03:30:11	session=scopetest	stage=fired	triggers=buy
2026-08-07T03:30:11	session=scopetest	stage=fired	triggers=buy
2026-08-07T03:30:11	session=scopetest	stage=fired	triggers=buy
2026-08-07T03:30:11	session=scopetest	stage=fired	triggers=buy
2026-08-07T04:11:39	session=fec61349-1d3d-4508-9a15-73719aab002d	stage=silent	triggers=-
2026-08-07T04:13:05	session=eaccd7dc-a983-47bb-ba8e-f38a6912015d	stage=silent	triggers=-
2026-08-07T04:19:06	session=eaccd7dc-a983-47bb-ba8e-f38a6912015d	stage=fired	triggers=wrap,numbered
2026-08-07T04:21:00	session=eaccd7dc-a983-47bb-ba8e-f38a6912015d	stage=fired	triggers=numbered,sprint,wrap
2026-08-07T04:24:45	session=scopetest	stage=fired	triggers=buy
2026-08-07T04:24:45	session=scopetest	stage=fired	triggers=buy
2026-08-07T04:24:45	session=scopetest	stage=fired	triggers=buy
2026-08-07T04:24:45	session=scopetest	stage=fired	triggers=buy
2026-08-07T04:27:16	session=eaccd7dc-a983-47bb-ba8e-f38a6912015d	stage=fired	triggers=wrap,numbered
2026-08-07T04:27:49	session=0b6a0a90-0e48-4a4a-b4c2-496613e7d387	stage=fired	triggers=wrap,numbered
2026-08-07T04:35:46	session=scopetest	stage=fired	triggers=buy
2026-08-07T04:35:46	session=scopetest	stage=fired	triggers=buy
2026-08-07T04:35:46	session=scopetest	stage=fired	triggers=buy
2026-08-07T04:35:46	session=scopetest	stage=fired	triggers=buy
2026-08-07T04:41:45	session=scopetest	stage=fired	triggers=buy
2026-08-07T04:41:45	session=scopetest	stage=fired	triggers=buy
2026-08-07T04:41:45	session=scopetest	stage=fired	triggers=buy
2026-08-07T04:41:45	session=scopetest	stage=fired	triggers=buy
2026-08-07T04:49:44	session=scopetest	stage=fired	triggers=buy
2026-08-07T04:49:44	session=scopetest	stage=fired	triggers=buy
2026-08-07T04:49:44	session=scopetest	stage=fired	triggers=buy
2026-08-07T04:49:44	session=scopetest	stage=fired	triggers=buy
2026-08-07T04:50:23	session=scopetest	stage=fired	triggers=buy
2026-08-07T04:50:23	session=scopetest	stage=fired	triggers=buy
2026-08-07T04:50:23	session=scopetest	stage=fired	triggers=buy
2026-08-07T04:50:23	session=scopetest	stage=fired	triggers=buy
2026-08-07T04:58:10	session=scopetest	stage=fired	triggers=buy
2026-08-07T04:58:10	session=scopetest	stage=fired	triggers=buy
2026-08-07T04:58:10	session=scopetest	stage=fired	triggers=buy
2026-08-07T04:58:10	session=scopetest	stage=fired	triggers=buy
2026-08-07T05:01:01	session=0b6a0a90-0e48-4a4a-b4c2-496613e7d387	stage=fired	triggers=qq,sprint
2026-08-07T05:06:34	session=-	stage=no_stdin	triggers=-
2026-08-07T05:06:34	session=probe	stage=silent	triggers=-
2026-08-07T05:08:54	session=3261bee3-e18d-48ab-8d14-29a524132bba	stage=silent	triggers=-
2026-08-07T05:12:29	session=0b6a0a90-0e48-4a4a-b4c2-496613e7d387	stage=silent	triggers=-
2026-08-07T05:17:30	session=scopetest	stage=fired	triggers=buy
2026-08-07T05:17:30	session=scopetest	stage=fired	triggers=buy
2026-08-07T05:17:30	session=scopetest	stage=fired	triggers=buy
2026-08-07T05:17:30	session=scopetest	stage=fired	triggers=buy
2026-08-07T05:17:35	session=-	stage=no_prompt	triggers=-
2026-08-07T05:17:35	session=-	stage=no_stdin	triggers=-
2026-08-07T05:17:35	session=cap00001	stage=no_prompt	triggers=-
2026-08-07T05:17:35	session=cap00002	stage=no_prompt	triggers=-
2026-08-07T05:17:35	session=cap00003	stage=no_prompt	triggers=-
2026-08-07T05:17:35	session=cap00004	stage=no_prompt	triggers=-
2026-08-07T05:17:35	session=cap00005	stage=no_prompt	triggers=-
2026-08-07T05:17:35	session=cap00006	stage=fired	triggers=close
2026-08-07T05:17:35	session=cap00007	stage=no_prompt	triggers=-
2026-08-07T05:17:35	session=cap00008	stage=no_prompt	triggers=-
2026-08-07T05:17:50	session=-	stage=no_prompt	triggers=-
2026-08-07T05:17:50	session=-	stage=no_stdin	triggers=-
2026-08-07T05:17:51	session=cap00001	stage=no_prompt	triggers=-
2026-08-07T05:17:51	session=cap00002	stage=no_prompt	triggers=-
2026-08-07T05:17:51	session=cap00003	stage=no_prompt	triggers=-
2026-08-07T05:17:51	session=cap00004	stage=no_prompt	triggers=-
2026-08-07T05:17:51	session=cap00005	stage=no_prompt	triggers=-
2026-08-07T05:17:51	session=cap00006	stage=fired	triggers=close
2026-08-07T05:17:51	session=cap00007	stage=no_prompt	triggers=-
2026-08-07T05:17:51	session=cap00008	stage=no_prompt	triggers=-
2026-08-07T05:18:24	session=-	stage=no_prompt	triggers=-
2026-08-07T05:18:24	session=-	stage=no_stdin	triggers=-
2026-08-07T05:18:24	session=b1cap00001	stage=no_prompt	triggers=-
2026-08-07T05:18:24	session=b1cap00002	stage=no_prompt	triggers=-
2026-08-07T05:18:24	session=b1cap00003	stage=no_prompt	triggers=-
2026-08-07T05:18:24	session=b1cap00004	stage=no_prompt	triggers=-
2026-08-07T05:18:24	session=b1cap00005	stage=no_prompt	triggers=-
2026-08-07T05:18:24	session=b1cap00006	stage=fired	triggers=close
2026-08-07T05:18:24	session=b1cap00007	stage=no_prompt	triggers=-
2026-08-07T05:18:24	session=b1cap00008	stage=no_prompt	triggers=-
2026-08-07T05:18:29	session=-	stage=no_prompt	triggers=-
2026-08-07T05:18:29	session=-	stage=no_stdin	triggers=-
2026-08-07T05:18:29	session=b2cap00001	stage=no_prompt	triggers=-
2026-08-07T05:18:29	session=b2cap00002	stage=no_prompt	triggers=-
2026-08-07T05:18:29	session=b2cap00003	stage=no_prompt	triggers=-
2026-08-07T05:18:29	session=b2cap00004	stage=no_prompt	triggers=-
2026-08-07T05:18:29	session=b2cap00005	stage=no_prompt	triggers=-
2026-08-07T05:18:29	session=b2cap00006	stage=fired	triggers=close
2026-08-07T05:18:30	session=b2cap00007	stage=no_prompt	triggers=-
2026-08-07T05:18:30	session=b2cap00008	stage=no_prompt	triggers=-
2026-08-07T05:19:43	session=scopetest	stage=fired	triggers=buy
2026-08-07T05:19:43	session=scopetest	stage=fired	triggers=buy
2026-08-07T05:19:43	session=scopetest	stage=fired	triggers=buy
2026-08-07T05:19:43	session=scopetest	stage=fired	triggers=buy
2026-08-07T05:22:12	session=0b6a0a90-0e48-4a4a-b4c2-496613e7d387	stage=silent	triggers=-
2026-08-07T05:22:30	session=-	stage=no_stdin	triggers=-
2026-08-07T05:22:30	session=probe	stage=silent	triggers=-
2026-08-07T05:23:43	session=0b6a0a90-0e48-4a4a-b4c2-496613e7d387	stage=silent	triggers=-
2026-08-07T05:24:10	session=-	stage=no_prompt	triggers=-
2026-08-07T05:24:10	session=-	stage=no_stdin	triggers=-
2026-08-07T05:24:10	session=a1cap00001	stage=no_prompt	triggers=-
2026-08-07T05:24:10	session=a1cap00002	stage=no_prompt	triggers=-
2026-08-07T05:24:10	session=a1cap00003	stage=no_prompt	triggers=-
2026-08-07T05:24:10	session=a1cap00004	stage=no_prompt	triggers=-
2026-08-07T05:24:10	session=a1cap00005	stage=no_prompt	triggers=-
2026-08-07T05:24:10	session=a1cap00006	stage=fired	triggers=close
2026-08-07T05:24:10	session=a1cap00007	stage=no_prompt	triggers=-
2026-08-07T05:24:10	session=a1cap00008	stage=no_prompt	triggers=-
2026-08-07T05:24:56	session=scopetest	stage=fired	triggers=buy
2026-08-07T05:24:56	session=scopetest	stage=fired	triggers=buy
2026-08-07T05:24:56	session=scopetest	stage=fired	triggers=buy
2026-08-07T05:24:56	session=scopetest	stage=fired	triggers=buy
2026-08-07T05:26:08	session=0b6a0a90-0e48-4a4a-b4c2-496613e7d387	stage=not_user_prompt	triggers=-
2026-08-07T05:27:39	session=guardsuite	stage=silent	triggers=-
2026-08-07T05:27:40	session=-	stage=fired	triggers=close
2026-08-07T05:28:37	session=guardsuite	stage=silent	triggers=-
2026-08-07T05:28:37	session=-	stage=fired	triggers=close
2026-08-07T05:29:01	session=3261bee3-e18d-48ab-8d14-29a524132bba	stage=not_user_prompt	triggers=-
2026-08-07T05:29:12	session=guardsuite	stage=silent	triggers=-
2026-08-07T05:29:13	session=-	stage=fired	triggers=close
2026-08-07T05:29:39	session=guardsuite	stage=silent	triggers=-
2026-08-07T05:29:40	session=-	stage=fired	triggers=close
2026-08-07T05:30:57	session=guardsuite	stage=silent	triggers=-
2026-08-07T05:30:58	session=-	stage=fired	triggers=close
2026-08-07T05:31:15	session=scopetest	stage=fired	triggers=buy
2026-08-07T05:31:15	session=scopetest	stage=fired	triggers=buy
2026-08-07T05:31:15	session=scopetest	stage=fired	triggers=buy
2026-08-07T05:31:15	session=scopetest	stage=fired	triggers=buy
2026-08-07T05:33:50	session=0b6a0a90-0e48-4a4a-b4c2-496613e7d387	stage=silent	triggers=-
2026-08-07T05:35:30	session=guardsuite	stage=silent	triggers=-
2026-08-07T05:35:30	session=-	stage=fired	triggers=close
2026-08-07T05:35:47	session=scopetest	stage=fired	triggers=buy
2026-08-07T05:35:47	session=scopetest	stage=fired	triggers=buy
2026-08-07T05:35:47	session=scopetest	stage=fired	triggers=buy
2026-08-07T05:35:47	session=scopetest	stage=fired	triggers=buy
