2026-08-04T22:03:59	session=fec61349	pid=0d8e71bd-1855-41cb-8f8b-85e870dd948a	action=no_m2	m2=-	sprint=-	first=-
2026-08-05T02:23:04	session=4012b5b0	pid=553fd2ce-62df-44a8-aa08-8a6162983e3a	action=not_declaration_end	m2=query	sprint=-	first=.
2026-08-05T02:33:52	session=4012b5b0	pid=0b906d85-e1a4-4a9d-8a10-68f787498ca2	action=sprint_ran	m2=query	sprint=slog	first=-
2026-08-05T02:35:05	session=7c59bb12	pid=22f97f6e-d1af-4393-93dc-a6874ce8ce69	action=no_m2	m2=-	sprint=-	first=-
2026-08-05T04:04:35	session=4012b5b0	pid=bd2a6a18-b19e-4f0e-b88b-d19de43ef7fc	action=no_m2	m2=-	sprint=-	first=-
2026-08-05T04:12:08	session=4012b5b0	pid=1be45d96-5d84-4e37-971a-bbfe548aadc5	action=no_m2	m2=-	sprint=slog	first=-
2026-08-05T04:27:55	session=4012b5b0	pid=bfa061dd-a29b-4a99-b716-72e4f7e80f66	action=no_m2	m2=-	sprint=-	first=-
2026-08-05T15:17:06	session=261edff1	pid=-	action=out_of_scope	m2=-	sprint=-	first=-
2026-08-05T20:07:02	session=hookbudg	pid=fee13a2e-9c9b-4a70-a553-930df3402948	action=no_m2	m2=-	sprint=-	first=-
2026-08-05T20:07:02	session=hookbudg	pid=fee13a2e-9c9b-4a70-a553-930df3402948	action=no_m2	m2=-	sprint=-	first=-
2026-08-05T20:07:02	session=hookbudg	pid=fee13a2e-9c9b-4a70-a553-930df3402948	action=no_m2	m2=-	sprint=-	first=-
2026-08-05T20:07:02	session=hookbudg	pid=fee13a2e-9c9b-4a70-a553-930df3402948	action=no_m2	m2=-	sprint=-	first=-
2026-08-05T20:07:02	session=hookbudg	pid=fee13a2e-9c9b-4a70-a553-930df3402948	action=no_m2	m2=-	sprint=-	first=-
2026-08-05T20:07:02	session=hookbudg	pid=fee13a2e-9c9b-4a70-a553-930df3402948	action=no_m2	m2=-	sprint=-	first=-
2026-08-05T20:07:02	session=hookbudg	pid=fee13a2e-9c9b-4a70-a553-930df3402948	action=no_m2	m2=-	sprint=-	first=-
2026-08-05T20:07:02	session=hookbudg	pid=fee13a2e-9c9b-4a70-a553-930df3402948	action=no_m2	m2=-	sprint=-	first=-
2026-08-05T20:07:02	session=hookbudg	pid=fee13a2e-9c9b-4a70-a553-930df3402948	action=no_m2	m2=-	sprint=-	first=-
2026-08-05T20:07:13	session=fec61349	pid=f205686f-619e-48a1-89cf-316a484354ec	action=sprint_ran	m2=query	sprint=agent	first=-
2026-08-05T20:08:25	session=hookbudg	pid=fee13a2e-9c9b-4a70-a553-930df3402948	action=no_m2	m2=-	sprint=-	first=-
2026-08-05T20:08:25	session=hookbudg	pid=fee13a2e-9c9b-4a70-a553-930df3402948	action=no_m2	m2=-	sprint=-	first=-
2026-08-05T20:08:25	session=hookbudg	pid=fee13a2e-9c9b-4a70-a553-930df3402948	action=no_m2	m2=-	sprint=-	first=-
2026-08-05T20:08:25	session=hookbudg	pid=fee13a2e-9c9b-4a70-a553-930df3402948	action=no_m2	m2=-	sprint=-	first=-
2026-08-05T20:08:25	session=hookbudg	pid=fee13a2e-9c9b-4a70-a553-930df3402948	action=no_m2	m2=-	sprint=-	first=-
2026-08-05T20:08:25	session=hookbudg	pid=fee13a2e-9c9b-4a70-a553-930df3402948	action=no_m2	m2=-	sprint=-	first=-
2026-08-05T20:08:25	session=hookbudg	pid=fee13a2e-9c9b-4a70-a553-930df3402948	action=no_m2	m2=-	sprint=-	first=-
2026-08-05T20:08:25	session=hookbudg	pid=fee13a2e-9c9b-4a70-a553-930df3402948	action=no_m2	m2=-	sprint=-	first=-
2026-08-05T20:08:25	session=hookbudg	pid=fee13a2e-9c9b-4a70-a553-930df3402948	action=no_m2	m2=-	sprint=-	first=-
2026-08-05T20:15:38	session=fec61349	pid=8672b55b-d4b8-418e-8139-4a10013dee89	action=sprint_ran	m2=query	sprint=agent	first=-
2026-08-05T20:19:45	session=hkprobe-	pid=fee13a2e-9c9b-4a70-a553-930df3402948	action=no_m2	m2=-	sprint=-	first=-
2026-08-05T20:19:45	session=hkprobe-	pid=fee13a2e-9c9b-4a70-a553-930df3402948	action=no_m2	m2=-	sprint=-	first=-
2026-08-05T20:19:45	session=hkprobe-	pid=fee13a2e-9c9b-4a70-a553-930df3402948	action=no_m2	m2=-	sprint=-	first=-
2026-08-05T20:19:45	session=hkprobe-	pid=fee13a2e-9c9b-4a70-a553-930df3402948	action=no_m2	m2=-	sprint=-	first=-
2026-08-05T20:19:45	session=hkprobe-	pid=fee13a2e-9c9b-4a70-a553-930df3402948	action=no_m2	m2=-	sprint=-	first=-
2026-08-05T20:19:45	session=hkprobe-	pid=fee13a2e-9c9b-4a70-a553-930df3402948	action=no_m2	m2=-	sprint=-	first=-
2026-08-05T20:19:45	session=hkprobe-	pid=fee13a2e-9c9b-4a70-a553-930df3402948	action=no_m2	m2=-	sprint=-	first=-
2026-08-05T20:20:52	session=fec61349	pid=5fbe5911-725f-4bfe-a4ad-dcc1bcc1ff0a	action=sprint_ran	m2=query	sprint=agent	first=-
2026-08-05T20:23:58	session=fec61349	pid=c1cf0e1a-2350-4e16-b62f-b62b5f812638	action=sprint_ran	m2=query	sprint=agent	first=-
2026-08-05T20:29:00	session=fec61349	pid=b1aacd0a-1bf3-4d5b-aee3-d639456ae116	action=sprint_ran	m2=query	sprint=agent	first=-
2026-08-05T20:40:35	session=cf606e63	pid=fee13a2e-9c9b-4a70-a553-930df3402948	action=no_m2	m2=-	sprint=-	first=-
2026-08-05T20:40:35	session=8e632308	pid=fee13a2e-9c9b-4a70-a553-930df3402948	action=no_m2	m2=-	sprint=-	first=-
2026-08-05T20:40:35	session=51ad0026	pid=fee13a2e-9c9b-4a70-a553-930df3402948	action=no_m2	m2=-	sprint=-	first=-
2026-08-05T20:40:35	session=941183ff	pid=fee13a2e-9c9b-4a70-a553-930df3402948	action=no_m2	m2=-	sprint=-	first=-
2026-08-05T20:40:35	session=1e6a2286	pid=fee13a2e-9c9b-4a70-a553-930df3402948	action=no_m2	m2=-	sprint=-	first=-
2026-08-05T20:40:36	session=09bd169d	pid=fee13a2e-9c9b-4a70-a553-930df3402948	action=no_m2	m2=-	sprint=-	first=-
2026-08-05T20:40:36	session=68e75bf8	pid=fee13a2e-9c9b-4a70-a553-930df3402948	action=no_m2	m2=-	sprint=-	first=-
2026-08-05T20:42:28	session=fec61349	pid=77af0778-a3dd-4fa5-8a35-204b4d01976b	action=sprint_ran	m2=query	sprint=agent	first=-
2026-08-05T21:21:19	session=4012b5b0	pid=5f3ff285-b837-47a3-a1ff-b832e18c27f0	action=no_m2	m2=-	sprint=agent	first=-
2026-08-05T21:32:38	session=4012b5b0	pid=9dbb838b-2c81-42df-a6d1-5eb98e35d3b5	action=no_m2	m2=-	sprint=slog	first=-
2026-08-05T23:26:03	session=fec61349	pid=5403f198-74ea-4673-b64f-a493228405fa	action=no_m2	m2=-	sprint=agent	first=-
2026-08-05T23:34:45	session=fec61349	pid=60f270db-0d1b-4e72-a8b4-b4cf20f6184b	action=no_m2	m2=-	sprint=agent	first=-
2026-08-05T23:35:59	session=fec61349	pid=1eed0472-0970-420f-89c9-22ab00ddd700	action=no_m2	m2=-	sprint=agent	first=-
2026-08-05T23:40:58	session=fec61349	pid=7cc231a0-fd19-4749-9b26-2f4e257cb7d1	action=no_m2	m2=-	sprint=agent	first=-
2026-08-05T23:43:22	session=fec61349	pid=5957bf6b-b760-4171-ada4-459d103c9ed2	action=no_m2	m2=-	sprint=agent	first=-
2026-08-05T23:54:26	session=fec61349	pid=5eda003a-5146-493d-89f8-820af386c6f9	action=no_m2	m2=-	sprint=agent	first=-
2026-08-06T04:30:12	session=4012b5b0	pid=fab442fc-789e-4bf1-b19a-c744945aaed6	action=no_m2	m2=-	sprint=slog	first=-
2026-08-06T13:44:16	session=261edff1	pid=-	action=out_of_scope	m2=-	sprint=-	first=-
2026-08-06T17:44:33	session=4012b5b0	pid=ac36c257-6bfa-40fe-ad68-37c5e4e5c348	action=no_m2	m2=-	sprint=agent	first=-
2026-08-06T17:51:32	session=4012b5b0	pid=1199fa50-8736-4903-9889-00d4d962b303	action=no_m2	m2=-	sprint=slog	first=-
2026-08-06T18:43:16	session=012842c4	pid=-	action=out_of_scope	m2=-	sprint=-	first=-
2026-08-06T18:48:47	session=9f009a30	pid=-	action=out_of_scope	m2=-	sprint=-	first=-
2026-08-06T19:01:05	session=3261bee3	pid=-	action=out_of_scope	m2=-	sprint=-	first=-
2026-08-06T23:52:52	session=261edff1	pid=-	action=out_of_scope	m2=-	sprint=-	first=-
2026-08-07T00:31:39	session=4012b5b0	pid=30ba5db4-8a57-4e4f-960b-16de2e9cf34b	action=no_m2	m2=-	sprint=agent	first=-
2026-08-07T00:44:30	session=4012b5b0	pid=487ed733-8207-4d08-b3e2-b4923a218356	action=no_m2	m2=-	sprint=agent	first=-
2026-08-07T03:04:33	session=fec61349	pid=48f16a2d-eb54-4e61-8d5e-43e38cd6b1b3	action=no_m2	m2=-	sprint=agent	first=-
2026-08-07T03:12:13	session=fec61349	pid=8188e533-aefc-4591-abe4-1d16ba9b3f7f	action=no_m2	m2=-	sprint=agent	first=-
2026-08-07T03:13:31	session=fec61349	pid=d6777e70-1113-40c4-8e10-b74e9f1e53e9	action=no_m2	m2=-	sprint=agent	first=-
2026-08-07T03:19:53	session=fec61349	pid=114b60e4-96e8-4354-90aa-cd0be639b266	action=no_m2	m2=-	sprint=agent	first=-
2026-08-07T03:33:56	session=fec61349	pid=f4474fd3-ccce-4c7e-9f50-3e84e141148c	action=no_m2	m2=-	sprint=agent	first=-
2026-08-07T04:15:53	session=eaccd7dc	pid=79195d95-5b35-4ab1-8c52-947422873542	action=exempt:override	m2=-	sprint=-	first=-
2026-08-07T04:19:19	session=eaccd7dc	pid=6a1967e5-74c9-4c92-bee8-43386cb051ae	action=exempt:override	m2=-	sprint=-	first=-
2026-08-07T04:25:14	session=eaccd7dc	pid=a585ad1e-a42b-4e14-9b7d-f7ce78897cad	action=exempt:override	m2=-	sprint=-	first=-
2026-08-07T04:50:40	session=0b6a0a90	pid=9ba68dcc-6880-49ae-a20a-5f7259c20053	action=block_nodeclare	m2=query	sprint=agent	first=.
2026-08-07T04:59:01	session=0b6a0a90	pid=-	action=loop_guard	m2=-	sprint=-	first=-
2026-08-07T05:05:21	session=0b6a0a90	pid=291eb037-4ed6-438b-bca6-17334b93fe86	action=no_m2	m2=-	sprint=slog	first=-
2026-08-07T05:06:40	session=unknown	pid=-	action=no_stdin	m2=-	sprint=-	first=-
2026-08-07T05:06:40	session=probe	pid=-	action=no_transcript	m2=-	sprint=-	first=-
2026-08-07T05:14:16	session=0b6a0a90	pid=0244c76e-ac7f-447a-a44d-3ec539f81166	action=no_m2	m2=-	sprint=agent	compact=no	first=-
2026-08-07T05:17:35	session=unknown	pid=-	action=no_transcript	m2=-	sprint=-	compact=n/a	first=-
2026-08-07T05:17:35	session=unknown	pid=-	action=no_stdin	m2=-	sprint=-	compact=n/a	first=-
2026-08-07T05:17:35	session=cap00001	pid=-	action=no_transcript	m2=-	sprint=-	compact=n/a	first=-
2026-08-07T05:17:35	session=cap00002	pid=-	action=no_transcript	m2=-	sprint=-	compact=n/a	first=-
2026-08-07T05:17:35	session=cap00003	pid=-	action=no_transcript	m2=-	sprint=-	compact=n/a	first=-
2026-08-07T05:17:35	session=cap00004	pid=-	action=no_transcript	m2=-	sprint=-	compact=n/a	first=-
2026-08-07T05:17:35	session=cap00005	pid=-	action=no_transcript	m2=-	sprint=-	compact=n/a	first=-
2026-08-07T05:17:36	session=cap00006	pid=-	action=no_transcript	m2=-	sprint=-	compact=n/a	first=-
2026-08-07T05:17:36	session=cap00007	pid=ef515fb4-9324-4dbc-9550-a278b9e9217b	action=block	m2=query	sprint=none	compact=no	first=➡️ **`202608/career_response_202608041846.md`**
2026-08-07T05:17:36	session=cap00008	pid=-	action=no_transcript	m2=-	sprint=-	compact=n/a	first=-
2026-08-07T05:17:51	session=unknown	pid=-	action=no_transcript	m2=-	sprint=-	compact=n/a	first=-
2026-08-07T05:17:51	session=unknown	pid=-	action=no_stdin	m2=-	sprint=-	compact=n/a	first=-
2026-08-07T05:17:51	session=cap00001	pid=-	action=no_transcript	m2=-	sprint=-	compact=n/a	first=-
2026-08-07T05:17:51	session=cap00002	pid=-	action=no_transcript	m2=-	sprint=-	compact=n/a	first=-
2026-08-07T05:17:51	session=cap00003	pid=-	action=no_transcript	m2=-	sprint=-	compact=n/a	first=-
2026-08-07T05:17:51	session=cap00004	pid=-	action=no_transcript	m2=-	sprint=-	compact=n/a	first=-
2026-08-07T05:17:51	session=cap00005	pid=-	action=no_transcript	m2=-	sprint=-	compact=n/a	first=-
2026-08-07T05:17:51	session=cap00006	pid=-	action=no_transcript	m2=-	sprint=-	compact=n/a	first=-
2026-08-07T05:17:51	session=cap00007	pid=ef515fb4-9324-4dbc-9550-a278b9e9217b	action=already_blocked	m2=query	sprint=none	compact=no	first=➡️ **`202608/career_response_202608041846.md`**
2026-08-07T05:17:51	session=cap00008	pid=-	action=no_transcript	m2=-	sprint=-	compact=n/a	first=-
2026-08-07T05:18:24	session=unknown	pid=-	action=no_transcript	m2=-	sprint=-	compact=n/a	first=-
2026-08-07T05:18:24	session=unknown	pid=-	action=no_stdin	m2=-	sprint=-	compact=n/a	first=-
2026-08-07T05:18:24	session=b1cap000	pid=-	action=no_transcript	m2=-	sprint=-	compact=n/a	first=-
2026-08-07T05:18:24	session=b1cap000	pid=-	action=no_transcript	m2=-	sprint=-	compact=n/a	first=-
2026-08-07T05:18:24	session=b1cap000	pid=-	action=no_transcript	m2=-	sprint=-	compact=n/a	first=-
2026-08-07T05:18:24	session=b1cap000	pid=-	action=no_transcript	m2=-	sprint=-	compact=n/a	first=-
2026-08-07T05:18:24	session=b1cap000	pid=-	action=no_transcript	m2=-	sprint=-	compact=n/a	first=-
2026-08-07T05:18:24	session=b1cap000	pid=-	action=no_transcript	m2=-	sprint=-	compact=n/a	first=-
2026-08-07T05:18:24	session=b1cap000	pid=ef515fb4-9324-4dbc-9550-a278b9e9217b	action=already_blocked	m2=query	sprint=none	compact=no	first=➡️ **`202608/career_response_202608041846.md`**
2026-08-07T05:18:24	session=b1cap000	pid=-	action=no_transcript	m2=-	sprint=-	compact=n/a	first=-
2026-08-07T05:18:30	session=unknown	pid=-	action=no_transcript	m2=-	sprint=-	compact=n/a	first=-
2026-08-07T05:18:30	session=unknown	pid=-	action=no_stdin	m2=-	sprint=-	compact=n/a	first=-
2026-08-07T05:18:30	session=b2cap000	pid=-	action=no_transcript	m2=-	sprint=-	compact=n/a	first=-
2026-08-07T05:18:30	session=b2cap000	pid=-	action=no_transcript	m2=-	sprint=-	compact=n/a	first=-
2026-08-07T05:18:30	session=b2cap000	pid=-	action=no_transcript	m2=-	sprint=-	compact=n/a	first=-
2026-08-07T05:18:30	session=b2cap000	pid=-	action=no_transcript	m2=-	sprint=-	compact=n/a	first=-
2026-08-07T05:18:30	session=b2cap000	pid=-	action=no_transcript	m2=-	sprint=-	compact=n/a	first=-
2026-08-07T05:18:30	session=b2cap000	pid=-	action=no_transcript	m2=-	sprint=-	compact=n/a	first=-
2026-08-07T05:18:30	session=b2cap000	pid=ef515fb4-9324-4dbc-9550-a278b9e9217b	action=already_blocked	m2=query	sprint=none	compact=no	first=➡️ **`202608/career_response_202608041846.md`**
2026-08-07T05:18:30	session=b2cap000	pid=-	action=no_transcript	m2=-	sprint=-	compact=n/a	first=-
2026-08-07T05:22:30	session=unknown	pid=-	action=no_stdin	m2=-	sprint=-	compact=n/a	first=-
2026-08-07T05:22:30	session=probe	pid=-	action=no_transcript	m2=-	sprint=-	compact=n/a	first=-
2026-08-07T05:22:58	session=0b6a0a90	pid=e8741a55-f236-4f5c-a8c8-0ae7e3c3cab3	action=no_m2	m2=-	sprint=-	compact=no	first=-
2026-08-07T05:24:10	session=unknown	pid=-	action=no_transcript	m2=-	sprint=-	compact=n/a	first=-
2026-08-07T05:24:10	session=unknown	pid=-	action=no_stdin	m2=-	sprint=-	compact=n/a	first=-
2026-08-07T05:24:10	session=a1cap000	pid=-	action=no_transcript	m2=-	sprint=-	compact=n/a	first=-
2026-08-07T05:24:10	session=a1cap000	pid=-	action=no_transcript	m2=-	sprint=-	compact=n/a	first=-
2026-08-07T05:24:11	session=a1cap000	pid=-	action=no_transcript	m2=-	sprint=-	compact=n/a	first=-
2026-08-07T05:24:11	session=a1cap000	pid=-	action=no_transcript	m2=-	sprint=-	compact=n/a	first=-
2026-08-07T05:24:11	session=a1cap000	pid=-	action=no_transcript	m2=-	sprint=-	compact=n/a	first=-
2026-08-07T05:24:11	session=a1cap000	pid=-	action=no_transcript	m2=-	sprint=-	compact=n/a	first=-
2026-08-07T05:24:11	session=a1cap000	pid=ef515fb4-9324-4dbc-9550-a278b9e9217b	action=already_blocked	m2=query	sprint=none	compact=no	first=➡️ **`202608/career_response_202608041846.md`**
2026-08-07T05:24:11	session=a1cap000	pid=-	action=no_transcript	m2=-	sprint=-	compact=n/a	first=-
2026-08-07T05:24:18	session=3261bee3	pid=-	action=out_of_scope	m2=-	sprint=-	compact=n/a	first=-
2026-08-07T05:24:29	session=0b6a0a90	pid=02d159ca-ec4a-46e1-b24d-2bf7d45ef783	action=no_m2	m2=-	sprint=-	compact=no	first=-
2026-08-07T05:27:39	session=guardsui	pid=-	action=no_transcript	m2=-	sprint=-	compact=n/a	first=-
2026-08-07T05:27:40	session=unknown	pid=-	action=no_transcript	m2=-	sprint=-	compact=n/a	first=-
2026-08-07T05:28:24	session=0b6a0a90	pid=5b802faf-dbbf-4197-b158-618027e5b29c	action=no_m2	m2=-	sprint=sprint_md	compact=no	first=-
2026-08-07T05:28:37	session=guardsui	pid=-	action=no_transcript	m2=-	sprint=-	compact=n/a	first=-
2026-08-07T05:28:37	session=unknown	pid=-	action=no_transcript	m2=-	sprint=-	compact=n/a	first=-
2026-08-07T05:29:12	session=guardsui	pid=-	action=no_transcript	m2=-	sprint=-	compact=n/a	first=-
2026-08-07T05:29:13	session=unknown	pid=-	action=no_transcript	m2=-	sprint=-	compact=n/a	first=-
2026-08-07T05:29:39	session=guardsui	pid=-	action=no_transcript	m2=-	sprint=-	compact=n/a	first=-
2026-08-07T05:29:40	session=unknown	pid=-	action=no_transcript	m2=-	sprint=-	compact=n/a	first=-
2026-08-07T05:30:57	session=guardsui	pid=-	action=no_transcript	m2=-	sprint=-	compact=n/a	first=-
2026-08-07T05:30:58	session=unknown	pid=-	action=no_transcript	m2=-	sprint=-	compact=n/a	first=-
2026-08-07T05:34:27	session=0b6a0a90	pid=1445c9fa-4f89-48f3-ac39-0af4a0df8bde	action=no_m2	m2=-	sprint=-	compact=no	first=-
2026-08-07T05:35:30	session=guardsui	pid=-	action=no_transcript	m2=-	sprint=-	compact=n/a	first=-
2026-08-07T05:35:30	session=unknown	pid=-	action=no_transcript	m2=-	sprint=-	compact=n/a	first=-
2026-08-07T05:38:24	session=13e2fcc6	pid=ef515fb4-9324-4dbc-9550-a278b9e9217b	action=already_blocked	m2=query	sprint=none	compact=no	first=➡️ **`202608/career_response_202608041846.md`**
2026-08-07T05:38:24	session=e6eae6bb	pid=a585ad1e-a42b-4e14-9b7d-f7ce78897cad	action=block_nosentinel	m2=-	sprint=none	compact=owed	first=🦈 Default: `c2e5e78a`
2026-08-07T05:38:24	session=576b7a94	pid=-	action=loop_guard	m2=-	sprint=-	compact=n/a	first=-
2026-08-07T05:38:24	session=7819c129	pid=-	action=no_transcript	m2=-	sprint=-	compact=n/a	first=-
2026-08-07T05:38:24	session=unknown	pid=-	action=no_transcript	m2=-	sprint=-	compact=n/a	first=-
2026-08-07T05:38:24	session=unknown	pid=-	action=no_stdin	m2=-	sprint=-	compact=n/a	first=-
2026-08-07T05:38:24	session=unknown	pid=-	action=no_stdin	m2=-	sprint=-	compact=n/a	first=-
2026-08-07T05:42:36	session=unknown	pid=-	action=no_stdin	m2=-	sprint=-	compact=n/a	first=-
